Archive member included to satisfy reference by file (symbol)

d:/software/stm32cube/gcc-arm-none-eabi-10.3-2021.10/bin/../lib/gcc/arm-none-eabi/10.3.1/thumb/v7e-m/nofp\libgcc.a(_arm_mulsf3.o)
                              CMakeFiles/H750-clion.elf.dir/Core/Src/system_stm32h7xx.c.obj (__aeabi_fmul)
d:/software/stm32cube/gcc-arm-none-eabi-10.3-2021.10/bin/../lib/gcc/arm-none-eabi/10.3.1/thumb/v7e-m/nofp\libgcc.a(_arm_addsubsf3.o)
                              CMakeFiles/H750-clion.elf.dir/Core/Src/system_stm32h7xx.c.obj (__aeabi_fadd)
d:/software/stm32cube/gcc-arm-none-eabi-10.3-2021.10/bin/../lib/gcc/arm-none-eabi/10.3.1/thumb/v7e-m/nofp\libgcc.a(_arm_muldivsf3.o)
                              CMakeFiles/H750-clion.elf.dir/Core/Src/system_stm32h7xx.c.obj (__aeabi_fdiv)
d:/software/stm32cube/gcc-arm-none-eabi-10.3-2021.10/bin/../lib/gcc/arm-none-eabi/10.3.1/thumb/v7e-m/nofp\libgcc.a(_arm_fixunssfsi.o)
                              CMakeFiles/H750-clion.elf.dir/Core/Src/system_stm32h7xx.c.obj (__aeabi_f2uiz)
d:/software/stm32cube/gcc-arm-none-eabi-10.3-2021.10/bin/../lib/gcc/arm-none-eabi/10.3.1/../../../../arm-none-eabi/lib/thumb/v7e-m/nofp\libg.a(lib_a-errno.o)
                              CMakeFiles/H750-clion.elf.dir/Core/Src/syscalls.c.obj (__errno)
d:/software/stm32cube/gcc-arm-none-eabi-10.3-2021.10/bin/../lib/gcc/arm-none-eabi/10.3.1/../../../../arm-none-eabi/lib/thumb/v7e-m/nofp\libg.a(lib_a-exit.o)
                              d:/software/stm32cube/gcc-arm-none-eabi-10.3-2021.10/bin/../lib/gcc/arm-none-eabi/10.3.1/../../../../arm-none-eabi/lib/thumb/v7e-m/nofp/crt0.o (exit)
d:/software/stm32cube/gcc-arm-none-eabi-10.3-2021.10/bin/../lib/gcc/arm-none-eabi/10.3.1/../../../../arm-none-eabi/lib/thumb/v7e-m/nofp\libg.a(lib_a-impure.o)
                              d:/software/stm32cube/gcc-arm-none-eabi-10.3-2021.10/bin/../lib/gcc/arm-none-eabi/10.3.1/../../../../arm-none-eabi/lib/thumb/v7e-m/nofp\libg.a(lib_a-exit.o) (_global_impure_ptr)
d:/software/stm32cube/gcc-arm-none-eabi-10.3-2021.10/bin/../lib/gcc/arm-none-eabi/10.3.1/../../../../arm-none-eabi/lib/thumb/v7e-m/nofp\libg.a(lib_a-init.o)
                              d:/software/stm32cube/gcc-arm-none-eabi-10.3-2021.10/bin/../lib/gcc/arm-none-eabi/10.3.1/../../../../arm-none-eabi/lib/thumb/v7e-m/nofp/crt0.o (__libc_init_array)
d:/software/stm32cube/gcc-arm-none-eabi-10.3-2021.10/bin/../lib/gcc/arm-none-eabi/10.3.1/../../../../arm-none-eabi/lib/thumb/v7e-m/nofp\libg.a(lib_a-memset.o)
                              d:/software/stm32cube/gcc-arm-none-eabi-10.3-2021.10/bin/../lib/gcc/arm-none-eabi/10.3.1/../../../../arm-none-eabi/lib/thumb/v7e-m/nofp/crt0.o (memset)
d:/software/stm32cube/gcc-arm-none-eabi-10.3-2021.10/bin/../lib/gcc/arm-none-eabi/10.3.1/../../../../arm-none-eabi/lib/thumb/v7e-m/nofp\libg.a(lib_a-__call_atexit.o)
                              d:/software/stm32cube/gcc-arm-none-eabi-10.3-2021.10/bin/../lib/gcc/arm-none-eabi/10.3.1/../../../../arm-none-eabi/lib/thumb/v7e-m/nofp\libg.a(lib_a-exit.o) (__call_exitprocs)
d:/software/stm32cube/gcc-arm-none-eabi-10.3-2021.10/bin/../lib/gcc/arm-none-eabi/10.3.1/../../../../arm-none-eabi/lib/thumb/v7e-m/nofp\libg.a(lib_a-atexit.o)
                              d:/software/stm32cube/gcc-arm-none-eabi-10.3-2021.10/bin/../lib/gcc/arm-none-eabi/10.3.1/../../../../arm-none-eabi/lib/thumb/v7e-m/nofp\libg.a(lib_a-__call_atexit.o) (atexit)
d:/software/stm32cube/gcc-arm-none-eabi-10.3-2021.10/bin/../lib/gcc/arm-none-eabi/10.3.1/../../../../arm-none-eabi/lib/thumb/v7e-m/nofp\libg.a(lib_a-fini.o)
                              d:/software/stm32cube/gcc-arm-none-eabi-10.3-2021.10/bin/../lib/gcc/arm-none-eabi/10.3.1/../../../../arm-none-eabi/lib/thumb/v7e-m/nofp\libg.a(lib_a-__call_atexit.o) (__libc_fini_array)
d:/software/stm32cube/gcc-arm-none-eabi-10.3-2021.10/bin/../lib/gcc/arm-none-eabi/10.3.1/../../../../arm-none-eabi/lib/thumb/v7e-m/nofp\libg.a(lib_a-lock.o)
                              d:/software/stm32cube/gcc-arm-none-eabi-10.3-2021.10/bin/../lib/gcc/arm-none-eabi/10.3.1/../../../../arm-none-eabi/lib/thumb/v7e-m/nofp\libg.a(lib_a-__call_atexit.o) (__retarget_lock_acquire_recursive)
d:/software/stm32cube/gcc-arm-none-eabi-10.3-2021.10/bin/../lib/gcc/arm-none-eabi/10.3.1/../../../../arm-none-eabi/lib/thumb/v7e-m/nofp\libg.a(lib_a-__atexit.o)
                              d:/software/stm32cube/gcc-arm-none-eabi-10.3-2021.10/bin/../lib/gcc/arm-none-eabi/10.3.1/../../../../arm-none-eabi/lib/thumb/v7e-m/nofp\libg.a(lib_a-atexit.o) (__register_exitproc)

Discarded input sections

 .text          0x00000000        0x0 d:/software/stm32cube/gcc-arm-none-eabi-10.3-2021.10/bin/../lib/gcc/arm-none-eabi/10.3.1/thumb/v7e-m/nofp/crti.o
 .data          0x00000000        0x0 d:/software/stm32cube/gcc-arm-none-eabi-10.3-2021.10/bin/../lib/gcc/arm-none-eabi/10.3.1/thumb/v7e-m/nofp/crti.o
[...]
Memory Configuration

Name             Origin             Length             Attributes
FLASH            0x90000000         0x00800000         xr
DTCMRAM          0x20000000         0x00020000         xrw
RAM_D1           0x24000000         0x00080000         xrw
RAM_D2           0x30000000         0x00048000         xrw
RAM_D3           0x38000000         0x00010000         xrw
ITCMRAM          0x00000000         0x00010000         xrw
*default*        0x00000000         0xffffffff

Linker script and memory map

LOAD d:/software/stm32cube/gcc-arm-none-eabi-10.3-2021.10/bin/../lib/gcc/arm-none-eabi/10.3.1/thumb/v7e-m/nofp/crti.o
LOAD d:/software/stm32cube/gcc-arm-none-eabi-10.3-2021.10/bin/../lib/gcc/arm-none-eabi/10.3.1/thumb/v7e-m/nofp/crtbegin.o
LOAD d:/software/stm32cube/gcc-arm-none-eabi-10.3-2021.10/bin/../lib/gcc/arm-none-eabi/10.3.1/../../../../arm-none-eabi/lib/thumb/v7e-m/nofp/crt0.o
LOAD CMakeFiles/H750-clion.elf.dir/Core/Src/fmc.c.obj
LOAD CMakeFiles/H750-clion.elf.dir/Core/Src/gpio.c.obj
LOAD CMakeFiles/H750-clion.elf.dir/Core/Src/ltdc.c.obj
LOAD CMakeFiles/H750-clion.elf.dir/Core/Src/main.c.obj
LOAD CMakeFiles/H750-clion.elf.dir/Core/Src/spi.c.obj
LOAD CMakeFiles/H750-clion.elf.dir/Core/Src/stm32h7xx_hal_msp.c.obj
LOAD CMakeFiles/H750-clion.elf.dir/Core/Src/stm32h7xx_it.c.obj
LOAD CMakeFiles/H750-clion.elf.dir/Core/Src/syscalls.c.obj
LOAD CMakeFiles/H750-clion.elf.dir/Core/Src/sysmem.c.obj
LOAD CMakeFiles/H750-clion.elf.dir/Core/Src/system_stm32h7xx.c.obj
LOAD CMakeFiles/H750-clion.elf.dir/Core/Startup/startup_stm32h750xbhx.s.obj
LOAD CMakeFiles/H750-clion.elf.dir/Drivers/STM32H7xx_HAL_Driver/Src/stm32h7xx_hal.c.obj
LOAD CMakeFiles/H750-clion.elf.dir/Drivers/STM32H7xx_HAL_Driver/Src/stm32h7xx_hal_cortex.c.obj
LOAD CMakeFiles/H750-clion.elf.dir/Drivers/STM32H7xx_HAL_Driver/Src/stm32h7xx_hal_dma.c.obj
LOAD CMakeFiles/H750-clion.elf.dir/Drivers/STM32H7xx_HAL_Driver/Src/stm32h7xx_hal_dma_ex.c.obj
LOAD CMakeFiles/H750-clion.elf.dir/Drivers/STM32H7xx_HAL_Driver/Src/stm32h7xx_hal_exti.c.obj
LOAD CMakeFiles/H750-clion.elf.dir/Drivers/STM32H7xx_HAL_Driver/Src/stm32h7xx_hal_flash.c.obj
LOAD CMakeFiles/H750-clion.elf.dir/Drivers/STM32H7xx_HAL_Driver/Src/stm32h7xx_hal_flash_ex.c.obj
LOAD CMakeFiles/H750-clion.elf.dir/Drivers/STM32H7xx_HAL_Driver/Src/stm32h7xx_hal_gpio.c.obj
LOAD CMakeFiles/H750-clion.elf.dir/Drivers/STM32H7xx_HAL_Driver/Src/stm32h7xx_hal_hsem.c.obj
LOAD CMakeFiles/H750-clion.elf.dir/Drivers/STM32H7xx_HAL_Driver/Src/stm32h7xx_hal_i2c.c.obj
LOAD CMakeFiles/H750-clion.elf.dir/Drivers/STM32H7xx_HAL_Driver/Src/stm32h7xx_hal_i2c_ex.c.obj
LOAD CMakeFiles/H750-clion.elf.dir/Drivers/STM32H7xx_HAL_Driver/Src/stm32h7xx_hal_ltdc.c.obj
LOAD CMakeFiles/H750-clion.elf.dir/Drivers/STM32H7xx_HAL_Driver/Src/stm32h7xx_hal_ltdc_ex.c.obj
LOAD CMakeFiles/H750-clion.elf.dir/Drivers/STM32H7xx_HAL_Driver/Src/stm32h7xx_hal_mdma.c.obj
LOAD CMakeFiles/H750-clion.elf.dir/Drivers/STM32H7xx_HAL_Driver/Src/stm32h7xx_hal_pwr.c.obj
LOAD CMakeFiles/H750-clion.elf.dir/Drivers/STM32H7xx_HAL_Driver/Src/stm32h7xx_hal_pwr_ex.c.obj
LOAD CMakeFiles/H750-clion.elf.dir/Drivers/STM32H7xx_HAL_Driver/Src/stm32h7xx_hal_rcc.c.obj
LOAD CMakeFiles/H750-clion.elf.dir/Drivers/STM32H7xx_HAL_Driver/Src/stm32h7xx_hal_rcc_ex.c.obj
LOAD CMakeFiles/H750-clion.elf.dir/Drivers/STM32H7xx_HAL_Driver/Src/stm32h7xx_hal_sdram.c.obj
LOAD CMakeFiles/H750-clion.elf.dir/Drivers/STM32H7xx_HAL_Driver/Src/stm32h7xx_hal_spi.c.obj
LOAD CMakeFiles/H750-clion.elf.dir/Drivers/STM32H7xx_HAL_Driver/Src/stm32h7xx_hal_spi_ex.c.obj
LOAD CMakeFiles/H750-clion.elf.dir/Drivers/STM32H7xx_HAL_Driver/Src/stm32h7xx_hal_tim.c.obj
LOAD CMakeFiles/H750-clion.elf.dir/Drivers/STM32H7xx_HAL_Driver/Src/stm32h7xx_hal_tim_ex.c.obj
LOAD CMakeFiles/H750-clion.elf.dir/Drivers/STM32H7xx_HAL_Driver/Src/stm32h7xx_ll_fmc.c.obj
LOAD CMakeFiles/H750-clion.elf.dir/HardWare/Src/Lcd_int.c.obj
START GROUP
LOAD d:/software/stm32cube/gcc-arm-none-eabi-10.3-2021.10/bin/../lib/gcc/arm-none-eabi/10.3.1/thumb/v7e-m/nofp\libgcc.a
LOAD d:/software/stm32cube/gcc-arm-none-eabi-10.3-2021.10/bin/../lib/gcc/arm-none-eabi/10.3.1/../../../../arm-none-eabi/lib/thumb/v7e-m/nofp\libg.a
LOAD d:/software/stm32cube/gcc-arm-none-eabi-10.3-2021.10/bin/../lib/gcc/arm-none-eabi/10.3.1/../../../../arm-none-eabi/lib/thumb/v7e-m/nofp\libc.a
END GROUP
LOAD d:/software/stm32cube/gcc-arm-none-eabi-10.3-2021.10/bin/../lib/gcc/arm-none-eabi/10.3.1/thumb/v7e-m/nofp/crtend.o
LOAD d:/software/stm32cube/gcc-arm-none-eabi-10.3-2021.10/bin/../lib/gcc/arm-none-eabi/10.3.1/thumb/v7e-m/nofp/crtn.o
                0x24080000                _estack = (ORIGIN (RAM_D1) + LENGTH (RAM_D1))
                0x00000200                _Min_Heap_Size = 0x200
                0x00000400                _Min_Stack_Size = 0x400

.isr_vector     0x90000000      0x298
                0x90000000                . = ALIGN (0x4)
 *(.isr_vector)
 .isr_vector    0x90000000      0x298 CMakeFiles/H750-clion.elf.dir/Core/Startup/startup_stm32h750xbhx.s.obj
                0x90000000                g_pfnVectors
                0x90000298                . = ALIGN (0x4)

.text           0x90000298     0x427c
                0x90000298                . = ALIGN (0x4)
 *(.text)
 .text          0x90000298       0x40 d:/software/stm32cube/gcc-arm-none-eabi-10.3-2021.10/bin/../lib/gcc/arm-none-eabi/10.3.1/thumb/v7e-m/nofp/crtbegin.o
 .text          0x900002d8      0x21c d:/software/stm32cube/gcc-arm-none-eabi-10.3-2021.10/bin/../lib/gcc/arm-none-eabi/10.3.1/thumb/v7e-m/nofp\libgcc.a(_arm_addsubsf3.o)
                0x900002d8                __aeabi_frsub
                0x900002e0                __subsf3
                0x900002e0                __aeabi_fsub
                0x900002e4                __aeabi_fadd
                0x900002e4                __addsf3
                0x90000444                __aeabi_ui2f
                0x90000444                __floatunsisf
                0x9000044c                __aeabi_i2f
                0x9000044c                __floatsisf
                0x90000468                __aeabi_ul2f
                0x90000468                __floatundisf
                0x90000478                __aeabi_l2f
                0x90000478                __floatdisf
 .text          0x900004f4      0x2a0 d:/software/stm32cube/gcc-arm-none-eabi-10.3-2021.10/bin/../lib/gcc/arm-none-eabi/10.3.1/thumb/v7e-m/nofp\libgcc.a(_arm_muldivsf3.o)
                0x900004f4                __mulsf3
                0x900004f4                __aeabi_fmul
                0x9000065c                __aeabi_fdiv
                0x9000065c                __divsf3
 .text          0x90000794       0x40 d:/software/stm32cube/gcc-arm-none-eabi-10.3-2021.10/bin/../lib/gcc/arm-none-eabi/10.3.1/thumb/v7e-m/nofp\libgcc.a(_arm_fixunssfsi.o)
                0x90000794                __fixunssfsi
                0x90000794                __aeabi_f2uiz
 *(.text*)
 .text.HAL_FMC_MspInit
                0x900007d4      0x108 CMakeFiles/H750-clion.elf.dir/Core/Src/fmc.c.obj
 .text.MX_FMC_Init
                0x900008dc       0x60 CMakeFiles/H750-clion.elf.dir/Core/Src/fmc.c.obj
                0x900008dc                MX_FMC_Init
 .text.HAL_SDRAM_MspInit
                0x9000093c        0x8 CMakeFiles/H750-clion.elf.dir/Core/Src/fmc.c.obj
                0x9000093c                HAL_SDRAM_MspInit
 .text.MX_GPIO_Init
                0x90000944      0x1ac CMakeFiles/H750-clion.elf.dir/Core/Src/gpio.c.obj
                0x90000944                MX_GPIO_Init
 .text.MX_LTDC_Init
                0x90000af0       0xb8 CMakeFiles/H750-clion.elf.dir/Core/Src/ltdc.c.obj
                0x90000af0                MX_LTDC_Init
 .text.HAL_LTDC_MspInit
                0x90000ba8      0x1a0 CMakeFiles/H750-clion.elf.dir/Core/Src/ltdc.c.obj
                0x90000ba8                HAL_LTDC_MspInit
 .text.Error_Handler
                0x90000d48        0x4 CMakeFiles/H750-clion.elf.dir/Core/Src/main.c.obj
                0x90000d48                Error_Handler
 .text.SystemClock_Config
                0x90000d4c      0x114 CMakeFiles/H750-clion.elf.dir/Core/Src/main.c.obj
                0x90000d4c                SystemClock_Config
 .text.main     0x90000e60       0x3c CMakeFiles/H750-clion.elf.dir/Core/Src/main.c.obj
                0x90000e60                main
 .text.MX_SPI1_Init
                0x90000e9c       0x60 CMakeFiles/H750-clion.elf.dir/Core/Src/spi.c.obj
                0x90000e9c                MX_SPI1_Init
 .text.HAL_SPI_MspInit
                0x90000efc       0xf4 CMakeFiles/H750-clion.elf.dir/Core/Src/spi.c.obj
                0x90000efc                HAL_SPI_MspInit
 .text.HAL_MspInit
                0x90000ff0       0x24 CMakeFiles/H750-clion.elf.dir/Core/Src/stm32h7xx_hal_msp.c.obj
                0x90000ff0                HAL_MspInit
 .text.NMI_Handler
                0x90001014        0x2 CMakeFiles/H750-clion.elf.dir/Core/Src/stm32h7xx_it.c.obj
                0x90001014                NMI_Handler
 .text.HardFault_Handler
                0x90001016        0x2 CMakeFiles/H750-clion.elf.dir/Core/Src/stm32h7xx_it.c.obj
                0x90001016                HardFault_Handler
 .text.MemManage_Handler
                0x90001018        0x2 CMakeFiles/H750-clion.elf.dir/Core/Src/stm32h7xx_it.c.obj
                0x90001018                MemManage_Handler
 .text.BusFault_Handler
                0x9000101a        0x2 CMakeFiles/H750-clion.elf.dir/Core/Src/stm32h7xx_it.c.obj
                0x9000101a                BusFault_Handler
 .text.UsageFault_Handler
                0x9000101c        0x2 CMakeFiles/H750-clion.elf.dir/Core/Src/stm32h7xx_it.c.obj
                0x9000101c                UsageFault_Handler
 .text.SVC_Handler
                0x9000101e        0x2 CMakeFiles/H750-clion.elf.dir/Core/Src/stm32h7xx_it.c.obj
                0x9000101e                SVC_Handler
 .text.DebugMon_Handler
                0x90001020        0x2 CMakeFiles/H750-clion.elf.dir/Core/Src/stm32h7xx_it.c.obj
                0x90001020                DebugMon_Handler
 .text.PendSV_Handler
                0x90001022        0x2 CMakeFiles/H750-clion.elf.dir/Core/Src/stm32h7xx_it.c.obj
                0x90001022                PendSV_Handler
 .text.SysTick_Handler
                0x90001024        0x8 CMakeFiles/H750-clion.elf.dir/Core/Src/stm32h7xx_it.c.obj
                0x90001024                SysTick_Handler
 .text.SPI1_IRQHandler
                0x9000102c       0x10 CMakeFiles/H750-clion.elf.dir/Core/Src/stm32h7xx_it.c.obj
                0x9000102c                SPI1_IRQHandler
 .text.SystemInit
                0x9000103c       0xc8 CMakeFiles/H750-clion.elf.dir/Core/Src/system_stm32h7xx.c.obj
                0x9000103c                SystemInit
 .text.Reset_Handler
                0x90001104       0x50 CMakeFiles/H750-clion.elf.dir/Core/Startup/startup_stm32h750xbhx.s.obj
                0x90001104                Reset_Handler
 .text.Default_Handler
                0x90001154        0x2 CMakeFiles/H750-clion.elf.dir/Core/Startup/startup_stm32h750xbhx.s.obj
                0x90001154                RTC_Alarm_IRQHandler
                0x90001154                HASH_RNG_IRQHandler
                0x90001154                EXTI2_IRQHandler
                0x90001154                TIM8_CC_IRQHandler
                0x90001154                HRTIM1_Master_IRQHandler
                0x90001154                UART8_IRQHandler
                0x90001154                SPI4_IRQHandler
                0x90001154                TIM1_CC_IRQHandler
                0x90001154                BDMA_Channel6_IRQHandler
                0x90001154                DMA2_Stream5_IRQHandler
                0x90001154                HRTIM1_FLT_IRQHandler
                0x90001154                JPEG_IRQHandler
                0x90001154                DMA1_Stream5_IRQHandler
                0x90001154                BDMA_Channel1_IRQHandler
                0x90001154                HRTIM1_TIMD_IRQHandler
                0x90001154                TAMP_STAMP_IRQHandler
                0x90001154                EXTI3_IRQHandler
                0x90001154                LPTIM4_IRQHandler
                0x90001154                TIM8_TRG_COM_TIM14_IRQHandler
                0x90001154                LPTIM2_IRQHandler
                0x90001154                DFSDM1_FLT1_IRQHandler
                0x90001154                DMAMUX2_OVR_IRQHandler
                0x90001154                TIM8_UP_TIM13_IRQHandler
                0x90001154                I2C3_ER_IRQHandler
                0x90001154                DFSDM1_FLT2_IRQHandler
                0x90001154                MDMA_IRQHandler
                0x90001154                LPTIM3_IRQHandler
                0x90001154                HSEM1_IRQHandler
                0x90001154                EXTI0_IRQHandler
                0x90001154                I2C2_EV_IRQHandler
                0x90001154                DMA1_Stream2_IRQHandler
                0x90001154                FPU_IRQHandler
                0x90001154                OTG_HS_WKUP_IRQHandler
                0x90001154                FDCAN1_IT1_IRQHandler
                0x90001154                LTDC_ER_IRQHandler
                0x90001154                DMA2_Stream2_IRQHandler
                0x90001154                HRTIM1_TIME_IRQHandler
                0x90001154                TIM6_DAC_IRQHandler
                0x90001154                DCMI_IRQHandler
                0x90001154                HRTIM1_TIMC_IRQHandler
                0x90001154                DMA2_Stream3_IRQHandler
                0x90001154                SAI2_IRQHandler
                0x90001154                DFSDM1_FLT3_IRQHandler
                0x90001154                USART6_IRQHandler
                0x90001154                TIM17_IRQHandler
                0x90001154                USART3_IRQHandler
                0x90001154                BDMA_Channel7_IRQHandler
                0x90001154                CRYP_IRQHandler
                0x90001154                LPTIM5_IRQHandler
                0x90001154                UART5_IRQHandler
                0x90001154                ADC3_IRQHandler
                0x90001154                DMA2_Stream0_IRQHandler
                0x90001154                TIM4_IRQHandler
                0x90001154                BDMA_Channel2_IRQHandler
                0x90001154                QUADSPI_IRQHandler
                0x90001154                I2C1_EV_IRQHandler
                0x90001154                DMA1_Stream6_IRQHandler
                0x90001154                DMAMUX1_OVR_IRQHandler
                0x90001154                DMA1_Stream1_IRQHandler
                0x90001154                TIM16_IRQHandler
                0x90001154                UART4_IRQHandler
                0x90001154                BDMA_Channel5_IRQHandler
                0x90001154                TIM3_IRQHandler
                0x90001154                RCC_IRQHandler
                0x90001154                TIM8_BRK_TIM12_IRQHandler
                0x90001154                TIM1_TRG_COM_IRQHandler
                0x90001154                Default_Handler
                0x90001154                ECC_IRQHandler
                0x90001154                CEC_IRQHandler
                0x90001154                EXTI15_10_IRQHandler
                0x90001154                BDMA_Channel0_IRQHandler
                0x90001154                ADC_IRQHandler
                0x90001154                DMA1_Stream7_IRQHandler
                0x90001154                HRTIM1_TIMA_IRQHandler
                0x90001154                SPI5_IRQHandler
                0x90001154                TIM7_IRQHandler
                0x90001154                SDMMC1_IRQHandler
                0x90001154                TIM5_IRQHandler
                0x90001154                DMA2_Stream7_IRQHandler
                0x90001154                TIM15_IRQHandler
                0x90001154                PVD_AVD_IRQHandler
                0x90001154                I2C3_EV_IRQHandler
                0x90001154                EXTI9_5_IRQHandler
                0x90001154                RTC_WKUP_IRQHandler
                0x90001154                LTDC_IRQHandler
                0x90001154                SAI3_IRQHandler
                0x90001154                ETH_WKUP_IRQHandler
                0x90001154                SPDIF_RX_IRQHandler
                0x90001154                SPI2_IRQHandler
                0x90001154                OTG_HS_EP1_IN_IRQHandler
                0x90001154                DMA1_Stream0_IRQHandler
                0x90001154                CRS_IRQHandler
                0x90001154                EXTI4_IRQHandler
                0x90001154                HRTIM1_TIMB_IRQHandler
                0x90001154                FDCAN2_IT1_IRQHandler
                0x90001154                ETH_IRQHandler
                0x90001154                TIM1_UP_IRQHandler
                0x90001154                BDMA_Channel4_IRQHandler
                0x90001154                OTG_HS_EP1_OUT_IRQHandler
                0x90001154                WWDG_IRQHandler
                0x90001154                SPI6_IRQHandler
                0x90001154                MDIOS_IRQHandler
                0x90001154                I2C4_EV_IRQHandler
                0x90001154                FDCAN2_IT0_IRQHandler
                0x90001154                LPUART1_IRQHandler
                0x90001154                FDCAN1_IT0_IRQHandler
                0x90001154                TIM2_IRQHandler
                0x90001154                OTG_FS_WKUP_IRQHandler
                0x90001154                OTG_HS_IRQHandler
                0x90001154                DMA2D_IRQHandler
                0x90001154                TIM1_BRK_IRQHandler
                0x90001154                EXTI1_IRQHandler
                0x90001154                SDMMC2_IRQHandler
                0x90001154                OTG_FS_EP1_OUT_IRQHandler
                0x90001154                BDMA_Channel3_IRQHandler
                0x90001154                UART7_IRQHandler
                0x90001154                MDIOS_WKUP_IRQHandler
                0x90001154                USART2_IRQHandler
                0x90001154                DFSDM1_FLT0_IRQHandler
                0x90001154                SAI4_IRQHandler
                0x90001154                I2C2_ER_IRQHandler
                0x90001154                DMA2_Stream1_IRQHandler
                0x90001154                FLASH_IRQHandler
                0x90001154                DMA2_Stream4_IRQHandler
                0x90001154                USART1_IRQHandler
                0x90001154                OTG_FS_IRQHandler
                0x90001154                SPI3_IRQHandler
                0x90001154                WAKEUP_PIN_IRQHandler
                0x90001154                DMA1_Stream4_IRQHandler
                0x90001154                OTG_FS_EP1_IN_IRQHandler
                0x90001154                I2C1_ER_IRQHandler
                0x90001154                FMC_IRQHandler
                0x90001154                FDCAN_CAL_IRQHandler
                0x90001154                SWPMI1_IRQHandler
                0x90001154                COMP1_IRQHandler
                0x90001154                LPTIM1_IRQHandler
                0x90001154                I2C4_ER_IRQHandler
                0x90001154                DMA2_Stream6_IRQHandler
                0x90001154                SAI1_IRQHandler
                0x90001154                DMA1_Stream3_IRQHandler
 *fill*         0x90001156        0x2 
 .text.HAL_InitTick
                0x90001158       0x50 CMakeFiles/H750-clion.elf.dir/Drivers/STM32H7xx_HAL_Driver/Src/stm32h7xx_hal.c.obj
                0x90001158                HAL_InitTick
 .text.HAL_Init
                0x900011a8       0x5c CMakeFiles/H750-clion.elf.dir/Drivers/STM32H7xx_HAL_Driver/Src/stm32h7xx_hal.c.obj
                0x900011a8                HAL_Init
 .text.HAL_IncTick
                0x90001204       0x18 CMakeFiles/H750-clion.elf.dir/Drivers/STM32H7xx_HAL_Driver/Src/stm32h7xx_hal.c.obj
                0x90001204                HAL_IncTick
 .text.HAL_GetTick
                0x9000121c        0xc CMakeFiles/H750-clion.elf.dir/Drivers/STM32H7xx_HAL_Driver/Src/stm32h7xx_hal.c.obj
                0x9000121c                HAL_GetTick
 .text.HAL_Delay
                0x90001228       0x28 CMakeFiles/H750-clion.elf.dir/Drivers/STM32H7xx_HAL_Driver/Src/stm32h7xx_hal.c.obj
                0x90001228                HAL_Delay
 .text.HAL_GetREVID
                0x90001250        0xc CMakeFiles/H750-clion.elf.dir/Drivers/STM32H7xx_HAL_Driver/Src/stm32h7xx_hal.c.obj
                0x90001250                HAL_GetREVID
 .text.HAL_NVIC_SetPriorityGrouping
                0x9000125c       0x24 CMakeFiles/H750-clion.elf.dir/Drivers/STM32H7xx_HAL_Driver/Src/stm32h7xx_hal_cortex.c.obj
                0x9000125c                HAL_NVIC_SetPriorityGrouping
 .text.HAL_NVIC_SetPriority
                0x90001280       0x6c CMakeFiles/H750-clion.elf.dir/Drivers/STM32H7xx_HAL_Driver/Src/stm32h7xx_hal_cortex.c.obj
                0x90001280                HAL_NVIC_SetPriority
 .text.HAL_NVIC_EnableIRQ
                0x900012ec       0x1c CMakeFiles/H750-clion.elf.dir/Drivers/STM32H7xx_HAL_Driver/Src/stm32h7xx_hal_cortex.c.obj
                0x900012ec                HAL_NVIC_EnableIRQ
 .text.HAL_SYSTICK_Config
                0x90001308       0x28 CMakeFiles/H750-clion.elf.dir/Drivers/STM32H7xx_HAL_Driver/Src/stm32h7xx_hal_cortex.c.obj
                0x90001308                HAL_SYSTICK_Config
 .text.HAL_DMA_Abort_IT
                0x90001330      0x270 CMakeFiles/H750-clion.elf.dir/Drivers/STM32H7xx_HAL_Driver/Src/stm32h7xx_hal_dma.c.obj
                0x90001330                HAL_DMA_Abort_IT
 .text.HAL_GPIO_Init
                0x900015a0      0x228 CMakeFiles/H750-clion.elf.dir/Drivers/STM32H7xx_HAL_Driver/Src/stm32h7xx_hal_gpio.c.obj
                0x900015a0                HAL_GPIO_Init
 .text.HAL_GPIO_WritePin
                0x900017c8        0xc CMakeFiles/H750-clion.elf.dir/Drivers/STM32H7xx_HAL_Driver/Src/stm32h7xx_hal_gpio.c.obj
                0x900017c8                HAL_GPIO_WritePin
 .text.HAL_GPIO_TogglePin
                0x900017d4       0x12 CMakeFiles/H750-clion.elf.dir/Drivers/STM32H7xx_HAL_Driver/Src/stm32h7xx_hal_gpio.c.obj
                0x900017d4                HAL_GPIO_TogglePin
 *fill*         0x900017e6        0x2 
 .text.LTDC_SetConfig
                0x900017e8      0x1b8 CMakeFiles/H750-clion.elf.dir/Drivers/STM32H7xx_HAL_Driver/Src/stm32h7xx_hal_ltdc.c.obj
 .text.HAL_LTDC_Init
                0x900019a0       0xf8 CMakeFiles/H750-clion.elf.dir/Drivers/STM32H7xx_HAL_Driver/Src/stm32h7xx_hal_ltdc.c.obj
                0x900019a0                HAL_LTDC_Init
 .text.HAL_LTDC_ConfigLayer
                0x90001a98       0x68 CMakeFiles/H750-clion.elf.dir/Drivers/STM32H7xx_HAL_Driver/Src/stm32h7xx_hal_ltdc.c.obj
                0x90001a98                HAL_LTDC_ConfigLayer
 .text.HAL_PWREx_ConfigSupply
                0x90001b00       0x54 CMakeFiles/H750-clion.elf.dir/Drivers/STM32H7xx_HAL_Driver/Src/stm32h7xx_hal_pwr_ex.c.obj
                0x90001b00                HAL_PWREx_ConfigSupply
 .text.HAL_RCC_OscConfig
                0x90001b54      0x6b4 CMakeFiles/H750-clion.elf.dir/Drivers/STM32H7xx_HAL_Driver/Src/stm32h7xx_hal_rcc.c.obj
                0x90001b54                HAL_RCC_OscConfig
 .text.HAL_RCC_GetSysClockFreq
                0x90002208      0x218 CMakeFiles/H750-clion.elf.dir/Drivers/STM32H7xx_HAL_Driver/Src/stm32h7xx_hal_rcc.c.obj
                0x90002208                HAL_RCC_GetSysClockFreq
 .text.HAL_RCC_ClockConfig
                0x90002420      0x294 CMakeFiles/H750-clion.elf.dir/Drivers/STM32H7xx_HAL_Driver/Src/stm32h7xx_hal_rcc.c.obj
                0x90002420                HAL_RCC_ClockConfig
 .text.RCCEx_PLL2_Config
                0x900026b4      0x10c CMakeFiles/H750-clion.elf.dir/Drivers/STM32H7xx_HAL_Driver/Src/stm32h7xx_hal_rcc_ex.c.obj
 .text.RCCEx_PLL3_Config
                0x900027c0      0x10c CMakeFiles/H750-clion.elf.dir/Drivers/STM32H7xx_HAL_Driver/Src/stm32h7xx_hal_rcc_ex.c.obj
 .text.HAL_RCCEx_PeriphCLKConfig
                0x900028cc      0xa8c CMakeFiles/H750-clion.elf.dir/Drivers/STM32H7xx_HAL_Driver/Src/stm32h7xx_hal_rcc_ex.c.obj
                0x900028cc                HAL_RCCEx_PeriphCLKConfig
 .text.HAL_SDRAM_Init
                0x90003358       0x50 CMakeFiles/H750-clion.elf.dir/Drivers/STM32H7xx_HAL_Driver/Src/stm32h7xx_hal_sdram.c.obj
                0x90003358                HAL_SDRAM_Init
 .text.SPI_CloseTransfer
                0x900033a8       0xcc CMakeFiles/H750-clion.elf.dir/Drivers/STM32H7xx_HAL_Driver/Src/stm32h7xx_hal_spi.c.obj
 .text.SPI_GetPacketSize
                0x90003474       0x10 CMakeFiles/H750-clion.elf.dir/Drivers/STM32H7xx_HAL_Driver/Src/stm32h7xx_hal_spi.c.obj
 .text.SPI_WaitOnFlagUntilTimeout
                0x90003484       0x46 CMakeFiles/H750-clion.elf.dir/Drivers/STM32H7xx_HAL_Driver/Src/stm32h7xx_hal_spi.c.obj
 *fill*         0x900034ca        0x2 
 .text.HAL_SPI_Init
                0x900034cc      0x190 CMakeFiles/H750-clion.elf.dir/Drivers/STM32H7xx_HAL_Driver/Src/stm32h7xx_hal_spi.c.obj
                0x900034cc                HAL_SPI_Init
 .text.HAL_SPI_Transmit
                0x9000365c      0x2d4 CMakeFiles/H750-clion.elf.dir/Drivers/STM32H7xx_HAL_Driver/Src/stm32h7xx_hal_spi.c.obj
                0x9000365c                HAL_SPI_Transmit
 .text.HAL_SPI_TxCpltCallback
                0x90003930        0x2 CMakeFiles/H750-clion.elf.dir/Drivers/STM32H7xx_HAL_Driver/Src/stm32h7xx_hal_spi.c.obj
                0x90003930                HAL_SPI_TxCpltCallback
 .text.HAL_SPI_RxCpltCallback
                0x90003932        0x2 CMakeFiles/H750-clion.elf.dir/Drivers/STM32H7xx_HAL_Driver/Src/stm32h7xx_hal_spi.c.obj
                0x90003932                HAL_SPI_RxCpltCallback
 .text.HAL_SPI_TxRxCpltCallback
                0x90003934        0x2 CMakeFiles/H750-clion.elf.dir/Drivers/STM32H7xx_HAL_Driver/Src/stm32h7xx_hal_spi.c.obj
                0x90003934                HAL_SPI_TxRxCpltCallback
 .text.HAL_SPI_ErrorCallback
                0x90003936        0x2 CMakeFiles/H750-clion.elf.dir/Drivers/STM32H7xx_HAL_Driver/Src/stm32h7xx_hal_spi.c.obj
                0x90003936                HAL_SPI_ErrorCallback
 .text.SPI_DMAAbortOnError
                0x90003938       0x1a CMakeFiles/H750-clion.elf.dir/Drivers/STM32H7xx_HAL_Driver/Src/stm32h7xx_hal_spi.c.obj
 .text.HAL_SPI_SuspendCallback
                0x90003952        0x2 CMakeFiles/H750-clion.elf.dir/Drivers/STM32H7xx_HAL_Driver/Src/stm32h7xx_hal_spi.c.obj
                0x90003952                HAL_SPI_SuspendCallback
 .text.HAL_SPI_IRQHandler
                0x90003954      0x240 CMakeFiles/H750-clion.elf.dir/Drivers/STM32H7xx_HAL_Driver/Src/stm32h7xx_hal_spi.c.obj
                0x90003954                HAL_SPI_IRQHandler
 .text.FMC_SDRAM_Init
                0x90003b94       0x74 CMakeFiles/H750-clion.elf.dir/Drivers/STM32H7xx_HAL_Driver/Src/stm32h7xx_ll_fmc.c.obj
                0x90003b94                FMC_SDRAM_Init
 .text.FMC_SDRAM_Timing_Init
                0x90003c08       0xb4 CMakeFiles/H750-clion.elf.dir/Drivers/STM32H7xx_HAL_Driver/Src/stm32h7xx_ll_fmc.c.obj
                0x90003c08                FMC_SDRAM_Timing_Init
 .text.LCD_SPI_Send
                0x90003cbc       0x2c CMakeFiles/H750-clion.elf.dir/HardWare/Src/Lcd_int.c.obj
                0x90003cbc                LCD_SPI_Send
 .text.LCD_WriteCommand
                0x90003ce8       0x2c CMakeFiles/H750-clion.elf.dir/HardWare/Src/Lcd_int.c.obj
                0x90003ce8                LCD_WriteCommand
 .text.LCD_WriteData
                0x90003d14       0x2c CMakeFiles/H750-clion.elf.dir/HardWare/Src/Lcd_int.c.obj
                0x90003d14                LCD_WriteData
 .text.LCD_Init
                0x90003d40      0x5f0 CMakeFiles/H750-clion.elf.dir/HardWare/Src/Lcd_int.c.obj
                0x90003d40                LCD_Init
 .text.__libc_init_array
                0x90004330       0x48 d:/software/stm32cube/gcc-arm-none-eabi-10.3-2021.10/bin/../lib/gcc/arm-none-eabi/10.3.1/../../../../arm-none-eabi/lib/thumb/v7e-m/nofp\libg.a(lib_a-init.o)
                0x90004330                __libc_init_array
 .text.memset   0x90004378       0xa4 d:/software/stm32cube/gcc-arm-none-eabi-10.3-2021.10/bin/../lib/gcc/arm-none-eabi/10.3.1/../../../../arm-none-eabi/lib/thumb/v7e-m/nofp\libg.a(lib_a-memset.o)
                0x90004378                memset
 .text.startup.register_fini
                0x9000441c       0x14 d:/software/stm32cube/gcc-arm-none-eabi-10.3-2021.10/bin/../lib/gcc/arm-none-eabi/10.3.1/../../../../arm-none-eabi/lib/thumb/v7e-m/nofp\libg.a(lib_a-__call_atexit.o)
 .text.atexit   0x90004430        0xc d:/software/stm32cube/gcc-arm-none-eabi-10.3-2021.10/bin/../lib/gcc/arm-none-eabi/10.3.1/../../../../arm-none-eabi/lib/thumb/v7e-m/nofp\libg.a(lib_a-atexit.o)
                0x90004430                atexit
 .text.__libc_fini_array
                0x9000443c       0x2c d:/software/stm32cube/gcc-arm-none-eabi-10.3-2021.10/bin/../lib/gcc/arm-none-eabi/10.3.1/../../../../arm-none-eabi/lib/thumb/v7e-m/nofp\libg.a(lib_a-fini.o)
                0x9000443c                __libc_fini_array
 .text.__retarget_lock_acquire_recursive
                0x90004468        0x4 d:/software/stm32cube/gcc-arm-none-eabi-10.3-2021.10/bin/../lib/gcc/arm-none-eabi/10.3.1/../../../../arm-none-eabi/lib/thumb/v7e-m/nofp\libg.a(lib_a-lock.o)
                0x90004468                __retarget_lock_acquire_recursive
 .text.__retarget_lock_release_recursive
                0x9000446c        0x4 d:/software/stm32cube/gcc-arm-none-eabi-10.3-2021.10/bin/../lib/gcc/arm-none-eabi/10.3.1/../../../../arm-none-eabi/lib/thumb/v7e-m/nofp\libg.a(lib_a-lock.o)
                0x9000446c                __retarget_lock_release_recursive
 .text.__register_exitproc
                0x90004470       0x8c d:/software/stm32cube/gcc-arm-none-eabi-10.3-2021.10/bin/../lib/gcc/arm-none-eabi/10.3.1/../../../../arm-none-eabi/lib/thumb/v7e-m/nofp\libg.a(lib_a-__atexit.o)
                0x90004470                __register_exitproc
 *(.glue_7)
 .glue_7        0x900044fc        0x0 linker stubs
 *(.glue_7t)
 .glue_7t       0x900044fc        0x0 linker stubs
 *(.eh_frame)
 .eh_frame      0x900044fc        0x0 d:/software/stm32cube/gcc-arm-none-eabi-10.3-2021.10/bin/../lib/gcc/arm-none-eabi/10.3.1/thumb/v7e-m/nofp/crtbegin.o
 *(.init)
 .init          0x900044fc        0x4 d:/software/stm32cube/gcc-arm-none-eabi-10.3-2021.10/bin/../lib/gcc/arm-none-eabi/10.3.1/thumb/v7e-m/nofp/crti.o
                0x900044fc                _init
 .init          0x90004500        0x8 d:/software/stm32cube/gcc-arm-none-eabi-10.3-2021.10/bin/../lib/gcc/arm-none-eabi/10.3.1/thumb/v7e-m/nofp/crtn.o
 *(.fini)
 .fini          0x90004508        0x4 d:/software/stm32cube/gcc-arm-none-eabi-10.3-2021.10/bin/../lib/gcc/arm-none-eabi/10.3.1/thumb/v7e-m/nofp/crti.o
                0x90004508                _fini
 .fini          0x9000450c        0x8 d:/software/stm32cube/gcc-arm-none-eabi-10.3-2021.10/bin/../lib/gcc/arm-none-eabi/10.3.1/thumb/v7e-m/nofp/crtn.o
                0x90004514                . = ALIGN (0x4)
                0x90004514                _etext = .

.vfp11_veneer   0x90004514        0x0
 .vfp11_veneer  0x90004514        0x0 linker stubs

.v4_bx          0x90004514        0x0
 .v4_bx         0x90004514        0x0 linker stubs

.iplt           0x90004514        0x0
 .iplt          0x90004514        0x0 d:/software/stm32cube/gcc-arm-none-eabi-10.3-2021.10/bin/../lib/gcc/arm-none-eabi/10.3.1/thumb/v7e-m/nofp/crtbegin.o

.rodata         0x90004514       0x14
                0x90004514                . = ALIGN (0x4)
 *(.rodata)
 *(.rodata*)
 .rodata.D1CorePrescTable
                0x90004514       0x10 CMakeFiles/H750-clion.elf.dir/Core/Src/system_stm32h7xx.c.obj
                0x90004514                D1CorePrescTable
 .rodata._global_impure_ptr
                0x90004524        0x4 d:/software/stm32cube/gcc-arm-none-eabi-10.3-2021.10/bin/../lib/gcc/arm-none-eabi/10.3.1/../../../../arm-none-eabi/lib/thumb/v7e-m/nofp\libg.a(lib_a-impure.o)
                0x90004524                _global_impure_ptr
                0x90004528                . = ALIGN (0x4)

.rel.dyn        0x90004528        0x0
 .rel.iplt      0x90004528        0x0 d:/software/stm32cube/gcc-arm-none-eabi-10.3-2021.10/bin/../lib/gcc/arm-none-eabi/10.3.1/thumb/v7e-m/nofp/crtbegin.o

.ARM.extab
 *(.ARM.extab* .gnu.linkonce.armextab.*)

.ARM            0x90004528        0x0
                0x90004528                __exidx_start = .
 *(.ARM.exidx*)
                0x90004528                __exidx_end = .

.preinit_array  0x90004528        0x0
                0x90004528                PROVIDE (__preinit_array_start = .)
 *(.preinit_array*)
                0x90004528                PROVIDE (__preinit_array_end = .)

.init_array     0x90004528        0x8
                0x90004528                PROVIDE (__init_array_start = .)
 *(SORT_BY_NAME(.init_array.*))
 .init_array.00000
                0x90004528        0x4 d:/software/stm32cube/gcc-arm-none-eabi-10.3-2021.10/bin/../lib/gcc/arm-none-eabi/10.3.1/../../../../arm-none-eabi/lib/thumb/v7e-m/nofp\libg.a(lib_a-__call_atexit.o)
 *(.init_array*)
 .init_array    0x9000452c        0x4 d:/software/stm32cube/gcc-arm-none-eabi-10.3-2021.10/bin/../lib/gcc/arm-none-eabi/10.3.1/thumb/v7e-m/nofp/crtbegin.o
                0x90004530                PROVIDE (__init_array_end = .)

.fini_array     0x90004530        0x4
                0x90004530                PROVIDE (__fini_array_start = .)
 *(SORT_BY_NAME(.fini_array.*))
 *(.fini_array*)
 .fini_array    0x90004530        0x4 d:/software/stm32cube/gcc-arm-none-eabi-10.3-2021.10/bin/../lib/gcc/arm-none-eabi/10.3.1/thumb/v7e-m/nofp/crtbegin.o
                0x90004534                PROVIDE (__fini_array_end = .)
                0x90004534                _sidata = LOADADDR (.data)

.data           0x24000000      0x43c load address 0x90004534
                0x24000000                . = ALIGN (0x4)
                0x24000000                _sdata = .
 *(.data)
 *(.data*)
 .data.SystemCoreClock
                0x24000000        0x4 CMakeFiles/H750-clion.elf.dir/Core/Src/system_stm32h7xx.c.obj
                0x24000000                SystemCoreClock
 .data.SystemD2Clock
                0x24000004        0x4 CMakeFiles/H750-clion.elf.dir/Core/Src/system_stm32h7xx.c.obj
                0x24000004                SystemD2Clock
 .data.uwTickFreq
                0x24000008        0x1 CMakeFiles/H750-clion.elf.dir/Drivers/STM32H7xx_HAL_Driver/Src/stm32h7xx_hal.c.obj
                0x24000008                uwTickFreq
 *fill*         0x24000009        0x3 
 .data.uwTickPrio
                0x2400000c        0x4 CMakeFiles/H750-clion.elf.dir/Drivers/STM32H7xx_HAL_Driver/Src/stm32h7xx_hal.c.obj
                0x2400000c                uwTickPrio
 .data.impure_data
                0x24000010      0x428 d:/software/stm32cube/gcc-arm-none-eabi-10.3-2021.10/bin/../lib/gcc/arm-none-eabi/10.3.1/../../../../arm-none-eabi/lib/thumb/v7e-m/nofp\libg.a(lib_a-impure.o)
 .data.__atexit_recursive_mutex
                0x24000438        0x4 d:/software/stm32cube/gcc-arm-none-eabi-10.3-2021.10/bin/../lib/gcc/arm-none-eabi/10.3.1/../../../../arm-none-eabi/lib/thumb/v7e-m/nofp\libg.a(lib_a-__call_atexit.o)
                0x24000438                __atexit_recursive_mutex
 *(.RamFunc)
 *(.RamFunc*)
                0x2400043c                . = ALIGN (0x4)
                0x2400043c                _edata = .

.igot.plt       0x2400043c        0x0 load address 0x90004970
 .igot.plt      0x2400043c        0x0 d:/software/stm32cube/gcc-arm-none-eabi-10.3-2021.10/bin/../lib/gcc/arm-none-eabi/10.3.1/thumb/v7e-m/nofp/crtbegin.o
                0x2400043c                . = ALIGN (0x4)

.bss            0x2400043c      0x18c load address 0x90004970
                0x2400043c                _sbss = .
                0x2400043c                __bss_start__ = _sbss
 *(.bss)
 .bss           0x2400043c       0x1c d:/software/stm32cube/gcc-arm-none-eabi-10.3-2021.10/bin/../lib/gcc/arm-none-eabi/10.3.1/thumb/v7e-m/nofp/crtbegin.o
 *(.bss*)
 .bss.FMC_Initialized
                0x24000458        0x4 CMakeFiles/H750-clion.elf.dir/Core/Src/fmc.c.obj
 .bss.hsdram1   0x2400045c       0x34 CMakeFiles/H750-clion.elf.dir/Core/Src/fmc.c.obj
                0x2400045c                hsdram1
 .bss.hltdc     0x24000490       0xa8 CMakeFiles/H750-clion.elf.dir/Core/Src/ltdc.c.obj
                0x24000490                hltdc
 .bss.hspi1     0x24000538       0x88 CMakeFiles/H750-clion.elf.dir/Core/Src/spi.c.obj
                0x24000538                hspi1
 .bss.uwTick    0x240005c0        0x4 CMakeFiles/H750-clion.elf.dir/Drivers/STM32H7xx_HAL_Driver/Src/stm32h7xx_hal.c.obj
                0x240005c0                uwTick
 .bss.__lock___atexit_recursive_mutex
                0x240005c4        0x1 d:/software/stm32cube/gcc-arm-none-eabi-10.3-2021.10/bin/../lib/gcc/arm-none-eabi/10.3.1/../../../../arm-none-eabi/lib/thumb/v7e-m/nofp\libg.a(lib_a-lock.o)
                0x240005c4                __lock___atexit_recursive_mutex
 *(COMMON)
                0x240005c8                . = ALIGN (0x4)
 *fill*         0x240005c5        0x3 
                0x240005c8                _ebss = .
                0x240005c8                __bss_end__ = _ebss

._user_heap_stack
                0x240005c8      0x600 load address 0x90004970
                0x240005c8                . = ALIGN (0x8)
                [!provide]                PROVIDE (end = .)
                0x240005c8                PROVIDE (_end = .)
                0x240007c8                . = (. + _Min_Heap_Size)
 *fill*         0x240005c8      0x200 
                0x24000bc8                . = (. + _Min_Stack_Size)
 *fill*         0x240007c8      0x400 
                0x24000bc8                . = ALIGN (0x8)

/DISCARD/
 libc.a(*)
 libm.a(*)
 libgcc.a(*)

.ARM.attributes
                0x00000000       0x2a
 *(.ARM.attributes)
 .ARM.attributes
                0x00000000       0x1e d:/software/stm32cube/gcc-arm-none-eabi-10.3-2021.10/bin/../lib/gcc/arm-none-eabi/10.3.1/thumb/v7e-m/nofp/crti.o
 .ARM.attributes
                0x0000001e       0x2e d:/software/stm32cube/gcc-arm-none-eabi-10.3-2021.10/bin/../lib/gcc/arm-none-eabi/10.3.1/thumb/v7e-m/nofp/crtbegin.o
 .ARM.attributes
                0x0000004c       0x2e CMakeFiles/H750-clion.elf.dir/Core/Src/fmc.c.obj
 .ARM.attributes
                0x0000007a       0x2e CMakeFiles/H750-clion.elf.dir/Core/Src/gpio.c.obj
 .ARM.attributes
                0x000000a8       0x2e CMakeFiles/H750-clion.elf.dir/Core/Src/ltdc.c.obj
 .ARM.attributes
                0x000000d6       0x2e CMakeFiles/H750-clion.elf.dir/Core/Src/main.c.obj
 .ARM.attributes
                0x00000104       0x2e CMakeFiles/H750-clion.elf.dir/Core/Src/spi.c.obj
 .ARM.attributes
                0x00000132       0x2e CMakeFiles/H750-clion.elf.dir/Core/Src/stm32h7xx_hal_msp.c.obj
 .ARM.attributes
                0x00000160       0x2e CMakeFiles/H750-clion.elf.dir/Core/Src/stm32h7xx_it.c.obj
 .ARM.attributes
                0x0000018e       0x2e CMakeFiles/H750-clion.elf.dir/Core/Src/system_stm32h7xx.c.obj
 .ARM.attributes
                0x000001bc       0x21 CMakeFiles/H750-clion.elf.dir/Core/Startup/startup_stm32h750xbhx.s.obj
 .ARM.attributes
                0x000001dd       0x2e CMakeFiles/H750-clion.elf.dir/Drivers/STM32H7xx_HAL_Driver/Src/stm32h7xx_hal.c.obj
 .ARM.attributes
                0x0000020b       0x2e CMakeFiles/H750-clion.elf.dir/Drivers/STM32H7xx_HAL_Driver/Src/stm32h7xx_hal_cortex.c.obj
 .ARM.attributes
                0x00000239       0x2e CMakeFiles/H750-clion.elf.dir/Drivers/STM32H7xx_HAL_Driver/Src/stm32h7xx_hal_dma.c.obj
 .ARM.attributes
                0x00000267       0x2e CMakeFiles/H750-clion.elf.dir/Drivers/STM32H7xx_HAL_Driver/Src/stm32h7xx_hal_gpio.c.obj
 .ARM.attributes
                0x00000295       0x2e CMakeFiles/H750-clion.elf.dir/Drivers/STM32H7xx_HAL_Driver/Src/stm32h7xx_hal_ltdc.c.obj
 .ARM.attributes
                0x000002c3       0x2e CMakeFiles/H750-clion.elf.dir/Drivers/STM32H7xx_HAL_Driver/Src/stm32h7xx_hal_pwr_ex.c.obj
 .ARM.attributes
                0x000002f1       0x2e CMakeFiles/H750-clion.elf.dir/Drivers/STM32H7xx_HAL_Driver/Src/stm32h7xx_hal_rcc.c.obj
 .ARM.attributes
                0x0000031f       0x2e CMakeFiles/H750-clion.elf.dir/Drivers/STM32H7xx_HAL_Driver/Src/stm32h7xx_hal_rcc_ex.c.obj
 .ARM.attributes
                0x0000034d       0x2e CMakeFiles/H750-clion.elf.dir/Drivers/STM32H7xx_HAL_Driver/Src/stm32h7xx_hal_sdram.c.obj
 .ARM.attributes
                0x0000037b       0x2e CMakeFiles/H750-clion.elf.dir/Drivers/STM32H7xx_HAL_Driver/Src/stm32h7xx_hal_spi.c.obj
 .ARM.attributes
                0x000003a9       0x2e CMakeFiles/H750-clion.elf.dir/Drivers/STM32H7xx_HAL_Driver/Src/stm32h7xx_ll_fmc.c.obj
 .ARM.attributes
                0x000003d7       0x2e CMakeFiles/H750-clion.elf.dir/HardWare/Src/Lcd_int.c.obj
 .ARM.attributes
                0x00000405       0x1e d:/software/stm32cube/gcc-arm-none-eabi-10.3-2021.10/bin/../lib/gcc/arm-none-eabi/10.3.1/thumb/v7e-m/nofp\libgcc.a(_arm_addsubsf3.o)
 .ARM.attributes
                0x00000423       0x1e d:/software/stm32cube/gcc-arm-none-eabi-10.3-2021.10/bin/../lib/gcc/arm-none-eabi/10.3.1/thumb/v7e-m/nofp\libgcc.a(_arm_muldivsf3.o)
 .ARM.attributes
                0x00000441       0x1e d:/software/stm32cube/gcc-arm-none-eabi-10.3-2021.10/bin/../lib/gcc/arm-none-eabi/10.3.1/thumb/v7e-m/nofp\libgcc.a(_arm_fixunssfsi.o)
 .ARM.attributes
                0x0000045f       0x2e d:/software/stm32cube/gcc-arm-none-eabi-10.3-2021.10/bin/../lib/gcc/arm-none-eabi/10.3.1/../../../../arm-none-eabi/lib/thumb/v7e-m/nofp\libg.a(lib_a-impure.o)
 .ARM.attributes
                0x0000048d       0x2e d:/software/stm32cube/gcc-arm-none-eabi-10.3-2021.10/bin/../lib/gcc/arm-none-eabi/10.3.1/../../../../arm-none-eabi/lib/thumb/v7e-m/nofp\libg.a(lib_a-init.o)
 .ARM.attributes
                0x000004bb       0x2e d:/software/stm32cube/gcc-arm-none-eabi-10.3-2021.10/bin/../lib/gcc/arm-none-eabi/10.3.1/../../../../arm-none-eabi/lib/thumb/v7e-m/nofp\libg.a(lib_a-memset.o)
 .ARM.attributes
                0x000004e9       0x2e d:/software/stm32cube/gcc-arm-none-eabi-10.3-2021.10/bin/../lib/gcc/arm-none-eabi/10.3.1/../../../../arm-none-eabi/lib/thumb/v7e-m/nofp\libg.a(lib_a-__call_atexit.o)
 .ARM.attributes
                0x00000517       0x2e d:/software/stm32cube/gcc-arm-none-eabi-10.3-2021.10/bin/../lib/gcc/arm-none-eabi/10.3.1/../../../../arm-none-eabi/lib/thumb/v7e-m/nofp\libg.a(lib_a-atexit.o)
 .ARM.attributes
                0x00000545       0x2e d:/software/stm32cube/gcc-arm-none-eabi-10.3-2021.10/bin/../lib/gcc/arm-none-eabi/10.3.1/../../../../arm-none-eabi/lib/thumb/v7e-m/nofp\libg.a(lib_a-fini.o)
 .ARM.attributes
                0x00000573       0x2e d:/software/stm32cube/gcc-arm-none-eabi-10.3-2021.10/bin/../lib/gcc/arm-none-eabi/10.3.1/../../../../arm-none-eabi/lib/thumb/v7e-m/nofp\libg.a(lib_a-lock.o)
 .ARM.attributes
                0x000005a1       0x2e d:/software/stm32cube/gcc-arm-none-eabi-10.3-2021.10/bin/../lib/gcc/arm-none-eabi/10.3.1/../../../../arm-none-eabi/lib/thumb/v7e-m/nofp\libg.a(lib_a-__atexit.o)
 .ARM.attributes
                0x000005cf       0x1e d:/software/stm32cube/gcc-arm-none-eabi-10.3-2021.10/bin/../lib/gcc/arm-none-eabi/10.3.1/thumb/v7e-m/nofp/crtn.o
OUTPUT(H750-clion.elf elf32-littlearm)
LOAD linker stubs
LOAD d:/software/stm32cube/gcc-arm-none-eabi-10.3-2021.10/bin/../lib/gcc/arm-none-eabi/10.3.1/../../../../arm-none-eabi/lib/thumb/v7e-m/nofp\libc.a
LOAD d:/software/stm32cube/gcc-arm-none-eabi-10.3-2021.10/bin/../lib/gcc/arm-none-eabi/10.3.1/../../../../arm-none-eabi/lib/thumb/v7e-m/nofp\libm.a
LOAD d:/software/stm32cube/gcc-arm-none-eabi-10.3-2021.10/bin/../lib/gcc/arm-none-eabi/10.3.1/thumb/v7e-m/nofp\libgcc.a

.debug_info     0x00000000    0x163fb
 .debug_info    0x00000000     0x11d5 CMakeFiles/H750-clion.elf.dir/Core/Src/fmc.c.obj
 .debug_info    0x000011d5      0x7f3 CMakeFiles/H750-clion.elf.dir/Core/Src/gpio.c.obj
 .debug_info    0x000019c8     0x1020 CMakeFiles/H750-clion.elf.dir/Core/Src/ltdc.c.obj
 .debug_info    0x000029e8      0xc4e CMakeFiles/H750-clion.elf.dir/Core/Src/main.c.obj
 .debug_info    0x00003636     0x159d CMakeFiles/H750-clion.elf.dir/Core/Src/spi.c.obj
 .debug_info    0x00004bd3      0x4a0 CMakeFiles/H750-clion.elf.dir/Core/Src/stm32h7xx_hal_msp.c.obj
 .debug_info    0x00005073      0x8a1 CMakeFiles/H750-clion.elf.dir/Core/Src/stm32h7xx_it.c.obj
 .debug_info    0x00005914      0xe8f CMakeFiles/H750-clion.elf.dir/Core/Src/system_stm32h7xx.c.obj
 .debug_info    0x000067a3       0x22 CMakeFiles/H750-clion.elf.dir/Core/Startup/startup_stm32h750xbhx.s.obj
 .debug_info    0x000067c5     0x16a6 CMakeFiles/H750-clion.elf.dir/Drivers/STM32H7xx_HAL_Driver/Src/stm32h7xx_hal.c.obj
 .debug_info    0x00007e6b     0x13f0 CMakeFiles/H750-clion.elf.dir/Drivers/STM32H7xx_HAL_Driver/Src/stm32h7xx_hal_cortex.c.obj
 .debug_info    0x0000925b      0xfeb CMakeFiles/H750-clion.elf.dir/Drivers/STM32H7xx_HAL_Driver/Src/stm32h7xx_hal_dma.c.obj
 .debug_info    0x0000a246      0xd66 CMakeFiles/H750-clion.elf.dir/Drivers/STM32H7xx_HAL_Driver/Src/stm32h7xx_hal_gpio.c.obj
 .debug_info    0x0000afac     0x1595 CMakeFiles/H750-clion.elf.dir/Drivers/STM32H7xx_HAL_Driver/Src/stm32h7xx_hal_ltdc.c.obj
 .debug_info    0x0000c541     0x122e CMakeFiles/H750-clion.elf.dir/Drivers/STM32H7xx_HAL_Driver/Src/stm32h7xx_hal_pwr_ex.c.obj
 .debug_info    0x0000d76f     0x13c5 CMakeFiles/H750-clion.elf.dir/Drivers/STM32H7xx_HAL_Driver/Src/stm32h7xx_hal_rcc.c.obj
 .debug_info    0x0000eb34     0x2034 CMakeFiles/H750-clion.elf.dir/Drivers/STM32H7xx_HAL_Driver/Src/stm32h7xx_hal_rcc_ex.c.obj
 .debug_info    0x00010b68     0x12bd CMakeFiles/H750-clion.elf.dir/Drivers/STM32H7xx_HAL_Driver/Src/stm32h7xx_hal_sdram.c.obj
 .debug_info    0x00011e25     0x1b7f CMakeFiles/H750-clion.elf.dir/Drivers/STM32H7xx_HAL_Driver/Src/stm32h7xx_hal_spi.c.obj
 .debug_info    0x000139a4      0xd25 CMakeFiles/H750-clion.elf.dir/Drivers/STM32H7xx_HAL_Driver/Src/stm32h7xx_ll_fmc.c.obj
 .debug_info    0x000146c9     0x1d32 CMakeFiles/H750-clion.elf.dir/HardWare/Src/Lcd_int.c.obj

.debug_abbrev   0x00000000     0x29f7
 .debug_abbrev  0x00000000      0x24e CMakeFiles/H750-clion.elf.dir/Core/Src/fmc.c.obj
 .debug_abbrev  0x0000024e      0x181 CMakeFiles/H750-clion.elf.dir/Core/Src/gpio.c.obj
 .debug_abbrev  0x000003cf      0x1dc CMakeFiles/H750-clion.elf.dir/Core/Src/ltdc.c.obj
 .debug_abbrev  0x000005ab      0x1f3 CMakeFiles/H750-clion.elf.dir/Core/Src/main.c.obj
 .debug_abbrev  0x0000079e      0x214 CMakeFiles/H750-clion.elf.dir/Core/Src/spi.c.obj
 .debug_abbrev  0x000009b2       0xd7 CMakeFiles/H750-clion.elf.dir/Core/Src/stm32h7xx_hal_msp.c.obj
 .debug_abbrev  0x00000a89      0x17e CMakeFiles/H750-clion.elf.dir/Core/Src/stm32h7xx_it.c.obj
 .debug_abbrev  0x00000c07      0x162 CMakeFiles/H750-clion.elf.dir/Core/Src/system_stm32h7xx.c.obj
 .debug_abbrev  0x00000d69       0x12 CMakeFiles/H750-clion.elf.dir/Core/Startup/startup_stm32h750xbhx.s.obj
 .debug_abbrev  0x00000d7b      0x264 CMakeFiles/H750-clion.elf.dir/Drivers/STM32H7xx_HAL_Driver/Src/stm32h7xx_hal.c.obj
 .debug_abbrev  0x00000fdf      0x37d CMakeFiles/H750-clion.elf.dir/Drivers/STM32H7xx_HAL_Driver/Src/stm32h7xx_hal_cortex.c.obj
 .debug_abbrev  0x0000135c      0x298 CMakeFiles/H750-clion.elf.dir/Drivers/STM32H7xx_HAL_Driver/Src/stm32h7xx_hal_dma.c.obj
 .debug_abbrev  0x000015f4      0x239 CMakeFiles/H750-clion.elf.dir/Drivers/STM32H7xx_HAL_Driver/Src/stm32h7xx_hal_gpio.c.obj
 .debug_abbrev  0x0000182d      0x239 CMakeFiles/H750-clion.elf.dir/Drivers/STM32H7xx_HAL_Driver/Src/stm32h7xx_hal_ltdc.c.obj
 .debug_abbrev  0x00001a66      0x29b CMakeFiles/H750-clion.elf.dir/Drivers/STM32H7xx_HAL_Driver/Src/stm32h7xx_hal_pwr_ex.c.obj
 .debug_abbrev  0x00001d01      0x28c CMakeFiles/H750-clion.elf.dir/Drivers/STM32H7xx_HAL_Driver/Src/stm32h7xx_hal_rcc.c.obj
 .debug_abbrev  0x00001f8d      0x285 CMakeFiles/H750-clion.elf.dir/Drivers/STM32H7xx_HAL_Driver/Src/stm32h7xx_hal_rcc_ex.c.obj
 .debug_abbrev  0x00002212      0x200 CMakeFiles/H750-clion.elf.dir/Drivers/STM32H7xx_HAL_Driver/Src/stm32h7xx_hal_sdram.c.obj
 .debug_abbrev  0x00002412      0x280 CMakeFiles/H750-clion.elf.dir/Drivers/STM32H7xx_HAL_Driver/Src/stm32h7xx_hal_spi.c.obj
 .debug_abbrev  0x00002692      0x1ac CMakeFiles/H750-clion.elf.dir/Drivers/STM32H7xx_HAL_Driver/Src/stm32h7xx_ll_fmc.c.obj
 .debug_abbrev  0x0000283e      0x1b9 CMakeFiles/H750-clion.elf.dir/HardWare/Src/Lcd_int.c.obj

.debug_loc      0x00000000     0x999c
 .debug_loc     0x00000000       0x4a CMakeFiles/H750-clion.elf.dir/Core/Src/fmc.c.obj
 .debug_loc     0x0000004a       0x9e CMakeFiles/H750-clion.elf.dir/Core/Src/ltdc.c.obj
 .debug_loc     0x000000e8       0x9e CMakeFiles/H750-clion.elf.dir/Core/Src/spi.c.obj
 .debug_loc     0x00000186      0x21e CMakeFiles/H750-clion.elf.dir/Core/Src/system_stm32h7xx.c.obj
 .debug_loc     0x000003a4      0x3fa CMakeFiles/H750-clion.elf.dir/Drivers/STM32H7xx_HAL_Driver/Src/stm32h7xx_hal.c.obj
 .debug_loc     0x0000079e      0x726 CMakeFiles/H750-clion.elf.dir/Drivers/STM32H7xx_HAL_Driver/Src/stm32h7xx_hal_cortex.c.obj
 .debug_loc     0x00000ec4      0xe96 CMakeFiles/H750-clion.elf.dir/Drivers/STM32H7xx_HAL_Driver/Src/stm32h7xx_hal_dma.c.obj
 .debug_loc     0x00001d5a      0x3c6 CMakeFiles/H750-clion.elf.dir/Drivers/STM32H7xx_HAL_Driver/Src/stm32h7xx_hal_gpio.c.obj
 .debug_loc     0x00002120     0x185d CMakeFiles/H750-clion.elf.dir/Drivers/STM32H7xx_HAL_Driver/Src/stm32h7xx_hal_ltdc.c.obj
 .debug_loc     0x0000397d      0x4df CMakeFiles/H750-clion.elf.dir/Drivers/STM32H7xx_HAL_Driver/Src/stm32h7xx_hal_pwr_ex.c.obj
 .debug_loc     0x00003e5c      0x996 CMakeFiles/H750-clion.elf.dir/Drivers/STM32H7xx_HAL_Driver/Src/stm32h7xx_hal_rcc.c.obj
 .debug_loc     0x000047f2     0x1fbe CMakeFiles/H750-clion.elf.dir/Drivers/STM32H7xx_HAL_Driver/Src/stm32h7xx_hal_rcc_ex.c.obj
 .debug_loc     0x000067b0      0xfad CMakeFiles/H750-clion.elf.dir/Drivers/STM32H7xx_HAL_Driver/Src/stm32h7xx_hal_sdram.c.obj
 .debug_loc     0x0000775d     0x1a45 CMakeFiles/H750-clion.elf.dir/Drivers/STM32H7xx_HAL_Driver/Src/stm32h7xx_hal_spi.c.obj
 .debug_loc     0x000091a2      0x753 CMakeFiles/H750-clion.elf.dir/Drivers/STM32H7xx_HAL_Driver/Src/stm32h7xx_ll_fmc.c.obj
 .debug_loc     0x000098f5       0xa7 CMakeFiles/H750-clion.elf.dir/HardWare/Src/Lcd_int.c.obj

.debug_aranges  0x00000000      0xcc8
 .debug_aranges
                0x00000000       0x40 CMakeFiles/H750-clion.elf.dir/Core/Src/fmc.c.obj
 .debug_aranges
                0x00000040       0x20 CMakeFiles/H750-clion.elf.dir/Core/Src/gpio.c.obj
 .debug_aranges
                0x00000060       0x30 CMakeFiles/H750-clion.elf.dir/Core/Src/ltdc.c.obj
 .debug_aranges
                0x00000090       0x30 CMakeFiles/H750-clion.elf.dir/Core/Src/main.c.obj
 .debug_aranges
                0x000000c0       0x30 CMakeFiles/H750-clion.elf.dir/Core/Src/spi.c.obj
 .debug_aranges
                0x000000f0       0x20 CMakeFiles/H750-clion.elf.dir/Core/Src/stm32h7xx_hal_msp.c.obj
 .debug_aranges
                0x00000110       0x68 CMakeFiles/H750-clion.elf.dir/Core/Src/stm32h7xx_it.c.obj
 .debug_aranges
                0x00000178       0x28 CMakeFiles/H750-clion.elf.dir/Core/Src/system_stm32h7xx.c.obj
 .debug_aranges
                0x000001a0       0x28 CMakeFiles/H750-clion.elf.dir/Core/Startup/startup_stm32h750xbhx.s.obj
 .debug_aranges
                0x000001c8      0x198 CMakeFiles/H750-clion.elf.dir/Drivers/STM32H7xx_HAL_Driver/Src/stm32h7xx_hal.c.obj
 .debug_aranges
                0x00000360       0xb0 CMakeFiles/H750-clion.elf.dir/Drivers/STM32H7xx_HAL_Driver/Src/stm32h7xx_hal_cortex.c.obj
 .debug_aranges
                0x00000410       0xa0 CMakeFiles/H750-clion.elf.dir/Drivers/STM32H7xx_HAL_Driver/Src/stm32h7xx_hal_dma.c.obj
 .debug_aranges
                0x000004b0       0x58 CMakeFiles/H750-clion.elf.dir/Drivers/STM32H7xx_HAL_Driver/Src/stm32h7xx_hal_gpio.c.obj
 .debug_aranges
                0x00000508      0x158 CMakeFiles/H750-clion.elf.dir/Drivers/STM32H7xx_HAL_Driver/Src/stm32h7xx_hal_ltdc.c.obj
 .debug_aranges
                0x00000660      0x158 CMakeFiles/H750-clion.elf.dir/Drivers/STM32H7xx_HAL_Driver/Src/stm32h7xx_hal_pwr_ex.c.obj
 .debug_aranges
                0x000007b8       0x88 CMakeFiles/H750-clion.elf.dir/Drivers/STM32H7xx_HAL_Driver/Src/stm32h7xx_hal_rcc.c.obj
 .debug_aranges
                0x00000840       0xf8 CMakeFiles/H750-clion.elf.dir/Drivers/STM32H7xx_HAL_Driver/Src/stm32h7xx_hal_rcc_ex.c.obj
 .debug_aranges
                0x00000938       0xe8 CMakeFiles/H750-clion.elf.dir/Drivers/STM32H7xx_HAL_Driver/Src/stm32h7xx_hal_sdram.c.obj
 .debug_aranges
                0x00000a20      0x1a8 CMakeFiles/H750-clion.elf.dir/Drivers/STM32H7xx_HAL_Driver/Src/stm32h7xx_hal_spi.c.obj
 .debug_aranges
                0x00000bc8       0xc8 CMakeFiles/H750-clion.elf.dir/Drivers/STM32H7xx_HAL_Driver/Src/stm32h7xx_ll_fmc.c.obj
 .debug_aranges
                0x00000c90       0x38 CMakeFiles/H750-clion.elf.dir/HardWare/Src/Lcd_int.c.obj

.debug_ranges   0x00000000      0xcc8
 .debug_ranges  0x00000000       0x30 CMakeFiles/H750-clion.elf.dir/Core/Src/fmc.c.obj
 .debug_ranges  0x00000030       0x10 CMakeFiles/H750-clion.elf.dir/Core/Src/gpio.c.obj
 .debug_ranges  0x00000040       0x20 CMakeFiles/H750-clion.elf.dir/Core/Src/ltdc.c.obj
 .debug_ranges  0x00000060       0x20 CMakeFiles/H750-clion.elf.dir/Core/Src/main.c.obj
 .debug_ranges  0x00000080       0x20 CMakeFiles/H750-clion.elf.dir/Core/Src/spi.c.obj
 .debug_ranges  0x000000a0       0x10 CMakeFiles/H750-clion.elf.dir/Core/Src/stm32h7xx_hal_msp.c.obj
 .debug_ranges  0x000000b0       0x58 CMakeFiles/H750-clion.elf.dir/Core/Src/stm32h7xx_it.c.obj
 .debug_ranges  0x00000108       0x18 CMakeFiles/H750-clion.elf.dir/Core/Src/system_stm32h7xx.c.obj
 .debug_ranges  0x00000120       0x20 CMakeFiles/H750-clion.elf.dir/Core/Startup/startup_stm32h750xbhx.s.obj
 .debug_ranges  0x00000140      0x188 CMakeFiles/H750-clion.elf.dir/Drivers/STM32H7xx_HAL_Driver/Src/stm32h7xx_hal.c.obj
 .debug_ranges  0x000002c8      0x100 CMakeFiles/H750-clion.elf.dir/Drivers/STM32H7xx_HAL_Driver/Src/stm32h7xx_hal_cortex.c.obj
 .debug_ranges  0x000003c8       0xa8 CMakeFiles/H750-clion.elf.dir/Drivers/STM32H7xx_HAL_Driver/Src/stm32h7xx_hal_dma.c.obj
 .debug_ranges  0x00000470       0x48 CMakeFiles/H750-clion.elf.dir/Drivers/STM32H7xx_HAL_Driver/Src/stm32h7xx_hal_gpio.c.obj
 .debug_ranges  0x000004b8      0x148 CMakeFiles/H750-clion.elf.dir/Drivers/STM32H7xx_HAL_Driver/Src/stm32h7xx_hal_ltdc.c.obj
 .debug_ranges  0x00000600      0x1a8 CMakeFiles/H750-clion.elf.dir/Drivers/STM32H7xx_HAL_Driver/Src/stm32h7xx_hal_pwr_ex.c.obj
 .debug_ranges  0x000007a8       0xe8 CMakeFiles/H750-clion.elf.dir/Drivers/STM32H7xx_HAL_Driver/Src/stm32h7xx_hal_rcc.c.obj
 .debug_ranges  0x00000890       0xe8 CMakeFiles/H750-clion.elf.dir/Drivers/STM32H7xx_HAL_Driver/Src/stm32h7xx_hal_rcc_ex.c.obj
 .debug_ranges  0x00000978       0xd8 CMakeFiles/H750-clion.elf.dir/Drivers/STM32H7xx_HAL_Driver/Src/stm32h7xx_hal_sdram.c.obj
 .debug_ranges  0x00000a50      0x198 CMakeFiles/H750-clion.elf.dir/Drivers/STM32H7xx_HAL_Driver/Src/stm32h7xx_hal_spi.c.obj
 .debug_ranges  0x00000be8       0xb8 CMakeFiles/H750-clion.elf.dir/Drivers/STM32H7xx_HAL_Driver/Src/stm32h7xx_ll_fmc.c.obj
 .debug_ranges  0x00000ca0       0x28 CMakeFiles/H750-clion.elf.dir/HardWare/Src/Lcd_int.c.obj

.debug_line     0x00000000     0xeea6
 .debug_line    0x00000000      0x4f2 CMakeFiles/H750-clion.elf.dir/Core/Src/fmc.c.obj
 .debug_line    0x000004f2      0x295 CMakeFiles/H750-clion.elf.dir/Core/Src/gpio.c.obj
 .debug_line    0x00000787      0x54f CMakeFiles/H750-clion.elf.dir/Core/Src/ltdc.c.obj
 .debug_line    0x00000cd6      0x482 CMakeFiles/H750-clion.elf.dir/Core/Src/main.c.obj
 .debug_line    0x00001158      0x46c CMakeFiles/H750-clion.elf.dir/Core/Src/spi.c.obj
 .debug_line    0x000015c4      0x18b CMakeFiles/H750-clion.elf.dir/Core/Src/stm32h7xx_hal_msp.c.obj
 .debug_line    0x0000174f      0x31e CMakeFiles/H750-clion.elf.dir/Core/Src/stm32h7xx_it.c.obj
 .debug_line    0x00001a6d      0x47d CMakeFiles/H750-clion.elf.dir/Core/Src/system_stm32h7xx.c.obj
 .debug_line    0x00001eea       0x9e CMakeFiles/H750-clion.elf.dir/Core/Startup/startup_stm32h750xbhx.s.obj
 .debug_line    0x00001f88      0x924 CMakeFiles/H750-clion.elf.dir/Drivers/STM32H7xx_HAL_Driver/Src/stm32h7xx_hal.c.obj
 .debug_line    0x000028ac      0x7ef CMakeFiles/H750-clion.elf.dir/Drivers/STM32H7xx_HAL_Driver/Src/stm32h7xx_hal_cortex.c.obj
 .debug_line    0x0000309b     0x2486 CMakeFiles/H750-clion.elf.dir/Drivers/STM32H7xx_HAL_Driver/Src/stm32h7xx_hal_dma.c.obj
 .debug_line    0x00005521      0x702 CMakeFiles/H750-clion.elf.dir/Drivers/STM32H7xx_HAL_Driver/Src/stm32h7xx_hal_gpio.c.obj
 .debug_line    0x00005c23     0x19ca CMakeFiles/H750-clion.elf.dir/Drivers/STM32H7xx_HAL_Driver/Src/stm32h7xx_hal_ltdc.c.obj
 .debug_line    0x000075ed      0xae4 CMakeFiles/H750-clion.elf.dir/Drivers/STM32H7xx_HAL_Driver/Src/stm32h7xx_hal_pwr_ex.c.obj
 .debug_line    0x000080d1     0x12f0 CMakeFiles/H750-clion.elf.dir/Drivers/STM32H7xx_HAL_Driver/Src/stm32h7xx_hal_rcc.c.obj
 .debug_line    0x000093c1     0x1faa CMakeFiles/H750-clion.elf.dir/Drivers/STM32H7xx_HAL_Driver/Src/stm32h7xx_hal_rcc_ex.c.obj
 .debug_line    0x0000b36b      0xc2f CMakeFiles/H750-clion.elf.dir/Drivers/STM32H7xx_HAL_Driver/Src/stm32h7xx_hal_sdram.c.obj
 .debug_line    0x0000bf9a     0x2477 CMakeFiles/H750-clion.elf.dir/Drivers/STM32H7xx_HAL_Driver/Src/stm32h7xx_hal_spi.c.obj
 .debug_line    0x0000e411      0x6fb CMakeFiles/H750-clion.elf.dir/Drivers/STM32H7xx_HAL_Driver/Src/stm32h7xx_ll_fmc.c.obj
 .debug_line    0x0000eb0c      0x39a CMakeFiles/H750-clion.elf.dir/HardWare/Src/Lcd_int.c.obj

.debug_str      0x00000000     0x5585
 .debug_str     0x00000000      0xd75 CMakeFiles/H750-clion.elf.dir/Core/Src/fmc.c.obj
                                0xe4e (size before relaxing)
 .debug_str     0x00000d75       0x64 CMakeFiles/H750-clion.elf.dir/Core/Src/gpio.c.obj
                                0x4c3 (size before relaxing)
 .debug_str     0x00000dd9      0x2c0 CMakeFiles/H750-clion.elf.dir/Core/Src/ltdc.c.obj
                                0xb7e (size before relaxing)
 .debug_str     0x00001099      0x2d4 CMakeFiles/H750-clion.elf.dir/Core/Src/main.c.obj
                                0x76b (size before relaxing)
 .debug_str     0x0000136d      0xd6e CMakeFiles/H750-clion.elf.dir/Core/Src/spi.c.obj
                               0x16e9 (size before relaxing)
 .debug_str     0x000020db       0x42 CMakeFiles/H750-clion.elf.dir/Core/Src/stm32h7xx_hal_msp.c.obj
                                0x412 (size before relaxing)
 .debug_str     0x0000211d       0xf0 CMakeFiles/H750-clion.elf.dir/Core/Src/stm32h7xx_it.c.obj
                                0x8a8 (size before relaxing)
 .debug_str     0x0000220d      0x39c CMakeFiles/H750-clion.elf.dir/Core/Src/system_stm32h7xx.c.obj
                                0x791 (size before relaxing)
 .debug_str     0x000025a9       0x4c CMakeFiles/H750-clion.elf.dir/Core/Startup/startup_stm32h750xbhx.s.obj
                                 0x77 (size before relaxing)
 .debug_str     0x000025f5      0x74a CMakeFiles/H750-clion.elf.dir/Drivers/STM32H7xx_HAL_Driver/Src/stm32h7xx_hal.c.obj
                               0x14df (size before relaxing)
 .debug_str     0x00002d3f      0x442 CMakeFiles/H750-clion.elf.dir/Drivers/STM32H7xx_HAL_Driver/Src/stm32h7xx_hal_cortex.c.obj
                               0x1077 (size before relaxing)
 .debug_str     0x00003181      0x41e CMakeFiles/H750-clion.elf.dir/Drivers/STM32H7xx_HAL_Driver/Src/stm32h7xx_hal_dma.c.obj
                                0x9eb (size before relaxing)
 .debug_str     0x0000359f       0xf0 CMakeFiles/H750-clion.elf.dir/Drivers/STM32H7xx_HAL_Driver/Src/stm32h7xx_hal_gpio.c.obj
                                0x6f4 (size before relaxing)
 .debug_str     0x0000368f      0x4c5 CMakeFiles/H750-clion.elf.dir/Drivers/STM32H7xx_HAL_Driver/Src/stm32h7xx_hal_ltdc.c.obj
                                0x9f8 (size before relaxing)
 .debug_str     0x00003b54      0x56a CMakeFiles/H750-clion.elf.dir/Drivers/STM32H7xx_HAL_Driver/Src/stm32h7xx_hal_pwr_ex.c.obj
                                0xa69 (size before relaxing)
 .debug_str     0x000040be      0x1a8 CMakeFiles/H750-clion.elf.dir/Drivers/STM32H7xx_HAL_Driver/Src/stm32h7xx_hal_rcc.c.obj
                                0xa7c (size before relaxing)
 .debug_str     0x00004266      0x5d1 CMakeFiles/H750-clion.elf.dir/Drivers/STM32H7xx_HAL_Driver/Src/stm32h7xx_hal_rcc_ex.c.obj
                                0xf87 (size before relaxing)
 .debug_str     0x00004837      0x402 CMakeFiles/H750-clion.elf.dir/Drivers/STM32H7xx_HAL_Driver/Src/stm32h7xx_hal_sdram.c.obj
                                0xbd4 (size before relaxing)
 .debug_str     0x00004c39      0x509 CMakeFiles/H750-clion.elf.dir/Drivers/STM32H7xx_HAL_Driver/Src/stm32h7xx_hal_spi.c.obj
                                0xdc6 (size before relaxing)
 .debug_str     0x00005142      0x3dc CMakeFiles/H750-clion.elf.dir/Drivers/STM32H7xx_HAL_Driver/Src/stm32h7xx_ll_fmc.c.obj
                                0x8d9 (size before relaxing)
 .debug_str     0x0000551e       0x67 CMakeFiles/H750-clion.elf.dir/HardWare/Src/Lcd_int.c.obj
                                0x8a3 (size before relaxing)

.comment        0x00000000       0x49
 .comment       0x00000000       0x49 CMakeFiles/H750-clion.elf.dir/Core/Src/fmc.c.obj
                                 0x4a (size before relaxing)
 .comment       0x00000049       0x4a CMakeFiles/H750-clion.elf.dir/Core/Src/gpio.c.obj
 .comment       0x00000049       0x4a CMakeFiles/H750-clion.elf.dir/Core/Src/ltdc.c.obj
 .comment       0x00000049       0x4a CMakeFiles/H750-clion.elf.dir/Core/Src/main.c.obj
 .comment       0x00000049       0x4a CMakeFiles/H750-clion.elf.dir/Core/Src/spi.c.obj
 .comment       0x00000049       0x4a CMakeFiles/H750-clion.elf.dir/Core/Src/stm32h7xx_hal_msp.c.obj
 .comment       0x00000049       0x4a CMakeFiles/H750-clion.elf.dir/Core/Src/stm32h7xx_it.c.obj
 .comment       0x00000049       0x4a CMakeFiles/H750-clion.elf.dir/Core/Src/system_stm32h7xx.c.obj
 .comment       0x00000049       0x4a CMakeFiles/H750-clion.elf.dir/Drivers/STM32H7xx_HAL_Driver/Src/stm32h7xx_hal.c.obj
 .comment       0x00000049       0x4a CMakeFiles/H750-clion.elf.dir/Drivers/STM32H7xx_HAL_Driver/Src/stm32h7xx_hal_cortex.c.obj
 .comment       0x00000049       0x4a CMakeFiles/H750-clion.elf.dir/Drivers/STM32H7xx_HAL_Driver/Src/stm32h7xx_hal_dma.c.obj
 .comment       0x00000049       0x4a CMakeFiles/H750-clion.elf.dir/Drivers/STM32H7xx_HAL_Driver/Src/stm32h7xx_hal_gpio.c.obj
 .comment       0x00000049       0x4a CMakeFiles/H750-clion.elf.dir/Drivers/STM32H7xx_HAL_Driver/Src/stm32h7xx_hal_ltdc.c.obj
 .comment       0x00000049       0x4a CMakeFiles/H750-clion.elf.dir/Drivers/STM32H7xx_HAL_Driver/Src/stm32h7xx_hal_pwr_ex.c.obj
 .comment       0x00000049       0x4a CMakeFiles/H750-clion.elf.dir/Drivers/STM32H7xx_HAL_Driver/Src/stm32h7xx_hal_rcc.c.obj
 .comment       0x00000049       0x4a CMakeFiles/H750-clion.elf.dir/Drivers/STM32H7xx_HAL_Driver/Src/stm32h7xx_hal_rcc_ex.c.obj
 .comment       0x00000049       0x4a CMakeFiles/H750-clion.elf.dir/Drivers/STM32H7xx_HAL_Driver/Src/stm32h7xx_hal_sdram.c.obj
 .comment       0x00000049       0x4a CMakeFiles/H750-clion.elf.dir/Drivers/STM32H7xx_HAL_Driver/Src/stm32h7xx_hal_spi.c.obj
 .comment       0x00000049       0x4a CMakeFiles/H750-clion.elf.dir/Drivers/STM32H7xx_HAL_Driver/Src/stm32h7xx_ll_fmc.c.obj
 .comment       0x00000049       0x4a CMakeFiles/H750-clion.elf.dir/HardWare/Src/Lcd_int.c.obj

.debug_frame    0x00000000     0x218c
 .debug_frame   0x00000000       0xa0 CMakeFiles/H750-clion.elf.dir/Core/Src/fmc.c.obj
 .debug_frame   0x000000a0       0x38 CMakeFiles/H750-clion.elf.dir/Core/Src/gpio.c.obj
 .debug_frame   0x000000d8       0x74 CMakeFiles/H750-clion.elf.dir/Core/Src/ltdc.c.obj
 .debug_frame   0x0000014c       0x58 CMakeFiles/H750-clion.elf.dir/Core/Src/main.c.obj
 .debug_frame   0x000001a4       0x68 CMakeFiles/H750-clion.elf.dir/Core/Src/spi.c.obj
 .debug_frame   0x0000020c       0x28 CMakeFiles/H750-clion.elf.dir/Core/Src/stm32h7xx_hal_msp.c.obj
 .debug_frame   0x00000234       0xc0 CMakeFiles/H750-clion.elf.dir/Core/Src/stm32h7xx_it.c.obj
 .debug_frame   0x000002f4       0x40 CMakeFiles/H750-clion.elf.dir/Core/Src/system_stm32h7xx.c.obj
 .debug_frame   0x00000334      0x360 CMakeFiles/H750-clion.elf.dir/Drivers/STM32H7xx_HAL_Driver/Src/stm32h7xx_hal.c.obj
 .debug_frame   0x00000694      0x158 CMakeFiles/H750-clion.elf.dir/Drivers/STM32H7xx_HAL_Driver/Src/stm32h7xx_hal_cortex.c.obj
 .debug_frame   0x000007ec      0x1fc CMakeFiles/H750-clion.elf.dir/Drivers/STM32H7xx_HAL_Driver/Src/stm32h7xx_hal_dma.c.obj
 .debug_frame   0x000009e8       0xd0 CMakeFiles/H750-clion.elf.dir/Drivers/STM32H7xx_HAL_Driver/Src/stm32h7xx_hal_gpio.c.obj
 .debug_frame   0x00000ab8      0x3c8 CMakeFiles/H750-clion.elf.dir/Drivers/STM32H7xx_HAL_Driver/Src/stm32h7xx_hal_ltdc.c.obj
 .debug_frame   0x00000e80      0x2f4 CMakeFiles/H750-clion.elf.dir/Drivers/STM32H7xx_HAL_Driver/Src/stm32h7xx_hal_pwr_ex.c.obj
 .debug_frame   0x00001174      0x188 CMakeFiles/H750-clion.elf.dir/Drivers/STM32H7xx_HAL_Driver/Src/stm32h7xx_hal_rcc.c.obj
 .debug_frame   0x000012fc      0x284 CMakeFiles/H750-clion.elf.dir/Drivers/STM32H7xx_HAL_Driver/Src/stm32h7xx_hal_rcc_ex.c.obj
 .debug_frame   0x00001580      0x27c CMakeFiles/H750-clion.elf.dir/Drivers/STM32H7xx_HAL_Driver/Src/stm32h7xx_hal_sdram.c.obj
 .debug_frame   0x000017fc      0x4b8 CMakeFiles/H750-clion.elf.dir/Drivers/STM32H7xx_HAL_Driver/Src/stm32h7xx_hal_spi.c.obj
 .debug_frame   0x00001cb4      0x1c8 CMakeFiles/H750-clion.elf.dir/Drivers/STM32H7xx_HAL_Driver/Src/stm32h7xx_ll_fmc.c.obj
 .debug_frame   0x00001e7c       0x7c CMakeFiles/H750-clion.elf.dir/HardWare/Src/Lcd_int.c.obj
 .debug_frame   0x00001ef8       0x4c d:/software/stm32cube/gcc-arm-none-eabi-10.3-2021.10/bin/../lib/gcc/arm-none-eabi/10.3.1/thumb/v7e-m/nofp\libgcc.a(_arm_addsubsf3.o)
 .debug_frame   0x00001f44       0x38 d:/software/stm32cube/gcc-arm-none-eabi-10.3-2021.10/bin/../lib/gcc/arm-none-eabi/10.3.1/thumb/v7e-m/nofp\libgcc.a(_arm_muldivsf3.o)
 .debug_frame   0x00001f7c       0x24 d:/software/stm32cube/gcc-arm-none-eabi-10.3-2021.10/bin/../lib/gcc/arm-none-eabi/10.3.1/thumb/v7e-m/nofp\libgcc.a(_arm_fixunssfsi.o)
 .debug_frame   0x00001fa0       0x2c d:/software/stm32cube/gcc-arm-none-eabi-10.3-2021.10/bin/../lib/gcc/arm-none-eabi/10.3.1/../../../../arm-none-eabi/lib/thumb/v7e-m/nofp\libg.a(lib_a-init.o)
 .debug_frame   0x00001fcc       0x2c d:/software/stm32cube/gcc-arm-none-eabi-10.3-2021.10/bin/../lib/gcc/arm-none-eabi/10.3.1/../../../../arm-none-eabi/lib/thumb/v7e-m/nofp\libg.a(lib_a-memset.o)
 .debug_frame   0x00001ff8       0x5c d:/software/stm32cube/gcc-arm-none-eabi-10.3-2021.10/bin/../lib/gcc/arm-none-eabi/10.3.1/../../../../arm-none-eabi/lib/thumb/v7e-m/nofp\libg.a(lib_a-__call_atexit.o)
 .debug_frame   0x00002054       0x20 d:/software/stm32cube/gcc-arm-none-eabi-10.3-2021.10/bin/../lib/gcc/arm-none-eabi/10.3.1/../../../../arm-none-eabi/lib/thumb/v7e-m/nofp\libg.a(lib_a-atexit.o)
 .debug_frame   0x00002074       0x34 d:/software/stm32cube/gcc-arm-none-eabi-10.3-2021.10/bin/../lib/gcc/arm-none-eabi/10.3.1/../../../../arm-none-eabi/lib/thumb/v7e-m/nofp\libg.a(lib_a-fini.o)
 .debug_frame   0x000020a8       0xb0 d:/software/stm32cube/gcc-arm-none-eabi-10.3-2021.10/bin/../lib/gcc/arm-none-eabi/10.3.1/../../../../arm-none-eabi/lib/thumb/v7e-m/nofp\libg.a(lib_a-lock.o)
 .debug_frame   0x00002158       0x34 d:/software/stm32cube/gcc-arm-none-eabi-10.3-2021.10/bin/../lib/gcc/arm-none-eabi/10.3.1/../../../../arm-none-eabi/lib/thumb/v7e-m/nofp\libg.a(lib_a-__atexit.o)
