Archive member included to satisfy reference by file (symbol)

d:/software/stm32cube/gcc-arm-none-eabi-10.3-2021.10/bin/../lib/gcc/arm-none-eabi/10.3.1/thumb/v7e-m/nofp\libgcc.a(_arm_mulsf3.o)
                              CMakeFiles/H750-clion.elf.dir/Core/Src/system_stm32h7xx.c.obj (__aeabi_fmul)
d:/software/stm32cube/gcc-arm-none-eabi-10.3-2021.10/bin/../lib/gcc/arm-none-eabi/10.3.1/thumb/v7e-m/nofp\libgcc.a(_arm_addsubsf3.o)
                              CMakeFiles/H750-clion.elf.dir/Core/Src/system_stm32h7xx.c.obj (__aeabi_fadd)
d:/software/stm32cube/gcc-arm-none-eabi-10.3-2021.10/bin/../lib/gcc/arm-none-eabi/10.3.1/thumb/v7e-m/nofp\libgcc.a(_arm_muldivsf3.o)
                              CMakeFiles/H750-clion.elf.dir/Core/Src/system_stm32h7xx.c.obj (__aeabi_fdiv)
d:/software/stm32cube/gcc-arm-none-eabi-10.3-2021.10/bin/../lib/gcc/arm-none-eabi/10.3.1/thumb/v7e-m/nofp\libgcc.a(_arm_fixunssfsi.o)
                              CMakeFiles/H750-clion.elf.dir/Core/Src/system_stm32h7xx.c.obj (__aeabi_f2uiz)
d:/software/stm32cube/gcc-arm-none-eabi-10.3-2021.10/bin/../lib/gcc/arm-none-eabi/10.3.1/../../../../arm-none-eabi/lib/thumb/v7e-m/nofp\libg.a(lib_a-errno.o)
                              CMakeFiles/H750-clion.elf.dir/Core/Src/syscalls.c.obj (__errno)
d:/software/stm32cube/gcc-arm-none-eabi-10.3-2021.10/bin/../lib/gcc/arm-none-eabi/10.3.1/../../../../arm-none-eabi/lib/thumb/v7e-m/nofp\libg.a(lib_a-exit.o)
                              d:/software/stm32cube/gcc-arm-none-eabi-10.3-2021.10/bin/../lib/gcc/arm-none-eabi/10.3.1/../../../../arm-none-eabi/lib/thumb/v7e-m/nofp/crt0.o (exit)
d:/software/stm32cube/gcc-arm-none-eabi-10.3-2021.10/bin/../lib/gcc/arm-none-eabi/10.3.1/../../../../arm-none-eabi/lib/thumb/v7e-m/nofp\libg.a(lib_a-impure.o)
                              d:/software/stm32cube/gcc-arm-none-eabi-10.3-2021.10/bin/../lib/gcc/arm-none-eabi/10.3.1/../../../../arm-none-eabi/lib/thumb/v7e-m/nofp\libg.a(lib_a-exit.o) (_global_impure_ptr)
d:/software/stm32cube/gcc-arm-none-eabi-10.3-2021.10/bin/../lib/gcc/arm-none-eabi/10.3.1/../../../../arm-none-eabi/lib/thumb/v7e-m/nofp\libg.a(lib_a-init.o)
                              d:/software/stm32cube/gcc-arm-none-eabi-10.3-2021.10/bin/../lib/gcc/arm-none-eabi/10.3.1/../../../../arm-none-eabi/lib/thumb/v7e-m/nofp/crt0.o (__libc_init_array)
d:/software/stm32cube/gcc-arm-none-eabi-10.3-2021.10/bin/../lib/gcc/arm-none-eabi/10.3.1/../../../../arm-none-eabi/lib/thumb/v7e-m/nofp\libg.a(lib_a-memset.o)
                              d:/software/stm32cube/gcc-arm-none-eabi-10.3-2021.10/bin/../lib/gcc/arm-none-eabi/10.3.1/../../../../arm-none-eabi/lib/thumb/v7e-m/nofp/crt0.o (memset)
d:/software/stm32cube/gcc-arm-none-eabi-10.3-2021.10/bin/../lib/gcc/arm-none-eabi/10.3.1/../../../../arm-none-eabi/lib/thumb/v7e-m/nofp\libg.a(lib_a-__call_atexit.o)
                              d:/software/stm32cube/gcc-arm-none-eabi-10.3-2021.10/bin/../lib/gcc/arm-none-eabi/10.3.1/../../../../arm-none-eabi/lib/thumb/v7e-m/nofp\libg.a(lib_a-exit.o) (__call_exitprocs)
d:/software/stm32cube/gcc-arm-none-eabi-10.3-2021.10/bin/../lib/gcc/arm-none-eabi/10.3.1/../../../../arm-none-eabi/lib/thumb/v7e-m/nofp\libg.a(lib_a-atexit.o)
                              d:/software/stm32cube/gcc-arm-none-eabi-10.3-2021.10/bin/../lib/gcc/arm-none-eabi/10.3.1/../../../../arm-none-eabi/lib/thumb/v7e-m/nofp\libg.a(lib_a-__call_atexit.o) (atexit)
d:/software/stm32cube/gcc-arm-none-eabi-10.3-2021.10/bin/../lib/gcc/arm-none-eabi/10.3.1/../../../../arm-none-eabi/lib/thumb/v7e-m/nofp\libg.a(lib_a-fini.o)
                              d:/software/stm32cube/gcc-arm-none-eabi-10.3-2021.10/bin/../lib/gcc/arm-none-eabi/10.3.1/../../../../arm-none-eabi/lib/thumb/v7e-m/nofp\libg.a(lib_a-__call_atexit.o) (__libc_fini_array)
d:/software/stm32cube/gcc-arm-none-eabi-10.3-2021.10/bin/../lib/gcc/arm-none-eabi/10.3.1/../../../../arm-none-eabi/lib/thumb/v7e-m/nofp\libg.a(lib_a-lock.o)
                              d:/software/stm32cube/gcc-arm-none-eabi-10.3-2021.10/bin/../lib/gcc/arm-none-eabi/10.3.1/../../../../arm-none-eabi/lib/thumb/v7e-m/nofp\libg.a(lib_a-__call_atexit.o) (__retarget_lock_acquire_recursive)
d:/software/stm32cube/gcc-arm-none-eabi-10.3-2021.10/bin/../lib/gcc/arm-none-eabi/10.3.1/../../../../arm-none-eabi/lib/thumb/v7e-m/nofp\libg.a(lib_a-__atexit.o)
                              d:/software/stm32cube/gcc-arm-none-eabi-10.3-2021.10/bin/../lib/gcc/arm-none-eabi/10.3.1/../../../../arm-none-eabi/lib/thumb/v7e-m/nofp\libg.a(lib_a-atexit.o) (__register_exitproc)

Discarded input sections

 .text          0x00000000        0x0 d:/software/stm32cube/gcc-arm-none-eabi-10.3-2021.10/bin/../lib/gcc/arm-none-eabi/10.3.1/thumb/v7e-m/nofp/crti.o
 .data          0x00000000        0x0 d:/software/stm32cube/gcc-arm-none-eabi-10.3-2021.10/bin/../lib/gcc/arm-none-eabi/10.3.1/thumb/v7e-m/nofp/crti.o
[...]
Memory Configuration

Name             Origin             Length             Attributes
FLASH            0x90000000         0x00800000         xr
DTCMRAM          0x20000000         0x00020000         xrw
RAM_D1           0x24000000         0x00080000         xrw
RAM_D2           0x30000000         0x00048000         xrw
RAM_D3           0x38000000         0x00010000         xrw
ITCMRAM          0x00000000         0x00010000         xrw
*default*        0x00000000         0xffffffff

Linker script and memory map

LOAD d:/software/stm32cube/gcc-arm-none-eabi-10.3-2021.10/bin/../lib/gcc/arm-none-eabi/10.3.1/thumb/v7e-m/nofp/crti.o
LOAD d:/software/stm32cube/gcc-arm-none-eabi-10.3-2021.10/bin/../lib/gcc/arm-none-eabi/10.3.1/thumb/v7e-m/nofp/crtbegin.o
LOAD d:/software/stm32cube/gcc-arm-none-eabi-10.3-2021.10/bin/../lib/gcc/arm-none-eabi/10.3.1/../../../../arm-none-eabi/lib/thumb/v7e-m/nofp/crt0.o
LOAD CMakeFiles/H750-clion.elf.dir/Core/Src/gpio.c.obj
LOAD CMakeFiles/H750-clion.elf.dir/Core/Src/main.c.obj
LOAD CMakeFiles/H750-clion.elf.dir/Core/Src/spi.c.obj
LOAD CMakeFiles/H750-clion.elf.dir/Core/Src/stm32h7xx_hal_msp.c.obj
LOAD CMakeFiles/H750-clion.elf.dir/Core/Src/stm32h7xx_it.c.obj
LOAD CMakeFiles/H750-clion.elf.dir/Core/Src/syscalls.c.obj
LOAD CMakeFiles/H750-clion.elf.dir/Core/Src/sysmem.c.obj
LOAD CMakeFiles/H750-clion.elf.dir/Core/Src/system_stm32h7xx.c.obj
LOAD CMakeFiles/H750-clion.elf.dir/Core/Startup/startup_stm32h750xbhx.s.obj
LOAD CMakeFiles/H750-clion.elf.dir/Drivers/STM32H7xx_HAL_Driver/Src/stm32h7xx_hal.c.obj
LOAD CMakeFiles/H750-clion.elf.dir/Drivers/STM32H7xx_HAL_Driver/Src/stm32h7xx_hal_cortex.c.obj
LOAD CMakeFiles/H750-clion.elf.dir/Drivers/STM32H7xx_HAL_Driver/Src/stm32h7xx_hal_dma.c.obj
LOAD CMakeFiles/H750-clion.elf.dir/Drivers/STM32H7xx_HAL_Driver/Src/stm32h7xx_hal_dma_ex.c.obj
LOAD CMakeFiles/H750-clion.elf.dir/Drivers/STM32H7xx_HAL_Driver/Src/stm32h7xx_hal_exti.c.obj
LOAD CMakeFiles/H750-clion.elf.dir/Drivers/STM32H7xx_HAL_Driver/Src/stm32h7xx_hal_flash.c.obj
LOAD CMakeFiles/H750-clion.elf.dir/Drivers/STM32H7xx_HAL_Driver/Src/stm32h7xx_hal_flash_ex.c.obj
LOAD CMakeFiles/H750-clion.elf.dir/Drivers/STM32H7xx_HAL_Driver/Src/stm32h7xx_hal_gpio.c.obj
LOAD CMakeFiles/H750-clion.elf.dir/Drivers/STM32H7xx_HAL_Driver/Src/stm32h7xx_hal_hsem.c.obj
LOAD CMakeFiles/H750-clion.elf.dir/Drivers/STM32H7xx_HAL_Driver/Src/stm32h7xx_hal_i2c.c.obj
LOAD CMakeFiles/H750-clion.elf.dir/Drivers/STM32H7xx_HAL_Driver/Src/stm32h7xx_hal_i2c_ex.c.obj
LOAD CMakeFiles/H750-clion.elf.dir/Drivers/STM32H7xx_HAL_Driver/Src/stm32h7xx_hal_mdma.c.obj
LOAD CMakeFiles/H750-clion.elf.dir/Drivers/STM32H7xx_HAL_Driver/Src/stm32h7xx_hal_pwr.c.obj
LOAD CMakeFiles/H750-clion.elf.dir/Drivers/STM32H7xx_HAL_Driver/Src/stm32h7xx_hal_pwr_ex.c.obj
LOAD CMakeFiles/H750-clion.elf.dir/Drivers/STM32H7xx_HAL_Driver/Src/stm32h7xx_hal_rcc.c.obj
LOAD CMakeFiles/H750-clion.elf.dir/Drivers/STM32H7xx_HAL_Driver/Src/stm32h7xx_hal_rcc_ex.c.obj
LOAD CMakeFiles/H750-clion.elf.dir/Drivers/STM32H7xx_HAL_Driver/Src/stm32h7xx_hal_spi.c.obj
LOAD CMakeFiles/H750-clion.elf.dir/Drivers/STM32H7xx_HAL_Driver/Src/stm32h7xx_hal_spi_ex.c.obj
LOAD CMakeFiles/H750-clion.elf.dir/Drivers/STM32H7xx_HAL_Driver/Src/stm32h7xx_hal_tim.c.obj
LOAD CMakeFiles/H750-clion.elf.dir/Drivers/STM32H7xx_HAL_Driver/Src/stm32h7xx_hal_tim_ex.c.obj
LOAD CMakeFiles/H750-clion.elf.dir/HardWare/Src/Lcd_int.c.obj
START GROUP
LOAD d:/software/stm32cube/gcc-arm-none-eabi-10.3-2021.10/bin/../lib/gcc/arm-none-eabi/10.3.1/thumb/v7e-m/nofp\libgcc.a
LOAD d:/software/stm32cube/gcc-arm-none-eabi-10.3-2021.10/bin/../lib/gcc/arm-none-eabi/10.3.1/../../../../arm-none-eabi/lib/thumb/v7e-m/nofp\libg.a
LOAD d:/software/stm32cube/gcc-arm-none-eabi-10.3-2021.10/bin/../lib/gcc/arm-none-eabi/10.3.1/../../../../arm-none-eabi/lib/thumb/v7e-m/nofp\libc.a
END GROUP
LOAD d:/software/stm32cube/gcc-arm-none-eabi-10.3-2021.10/bin/../lib/gcc/arm-none-eabi/10.3.1/thumb/v7e-m/nofp/crtend.o
LOAD d:/software/stm32cube/gcc-arm-none-eabi-10.3-2021.10/bin/../lib/gcc/arm-none-eabi/10.3.1/thumb/v7e-m/nofp/crtn.o
                0x24080000                _estack = (ORIGIN (RAM_D1) + LENGTH (RAM_D1))
                0x00000200                _Min_Heap_Size = 0x200
                0x00000400                _Min_Stack_Size = 0x400

.isr_vector     0x90000000      0x298
                0x90000000                . = ALIGN (0x4)
 *(.isr_vector)
 .isr_vector    0x90000000      0x298 CMakeFiles/H750-clion.elf.dir/Core/Startup/startup_stm32h750xbhx.s.obj
                0x90000000                g_pfnVectors
                0x90000298                . = ALIGN (0x4)

.text           0x90000298     0x3ad0
                0x90000298                . = ALIGN (0x4)
 *(.text)
 .text          0x90000298       0x40 d:/software/stm32cube/gcc-arm-none-eabi-10.3-2021.10/bin/../lib/gcc/arm-none-eabi/10.3.1/thumb/v7e-m/nofp/crtbegin.o
 .text          0x900002d8      0x21c d:/software/stm32cube/gcc-arm-none-eabi-10.3-2021.10/bin/../lib/gcc/arm-none-eabi/10.3.1/thumb/v7e-m/nofp\libgcc.a(_arm_addsubsf3.o)
                0x900002d8                __aeabi_frsub
                0x900002e0                __subsf3
                0x900002e0                __aeabi_fsub
                0x900002e4                __aeabi_fadd
                0x900002e4                __addsf3
                0x90000444                __aeabi_ui2f
                0x90000444                __floatunsisf
                0x9000044c                __aeabi_i2f
                0x9000044c                __floatsisf
                0x90000468                __aeabi_ul2f
                0x90000468                __floatundisf
                0x90000478                __aeabi_l2f
                0x90000478                __floatdisf
 .text          0x900004f4      0x2a0 d:/software/stm32cube/gcc-arm-none-eabi-10.3-2021.10/bin/../lib/gcc/arm-none-eabi/10.3.1/thumb/v7e-m/nofp\libgcc.a(_arm_muldivsf3.o)
                0x900004f4                __mulsf3
                0x900004f4                __aeabi_fmul
                0x9000065c                __aeabi_fdiv
                0x9000065c                __divsf3
 .text          0x90000794       0x40 d:/software/stm32cube/gcc-arm-none-eabi-10.3-2021.10/bin/../lib/gcc/arm-none-eabi/10.3.1/thumb/v7e-m/nofp\libgcc.a(_arm_fixunssfsi.o)
                0x90000794                __fixunssfsi
                0x90000794                __aeabi_f2uiz
 *(.text*)
 .text.MX_GPIO_Init
                0x900007d4      0x14c CMakeFiles/H750-clion.elf.dir/Core/Src/gpio.c.obj
                0x900007d4                MX_GPIO_Init
 .text.Error_Handler
                0x90000920        0x4 CMakeFiles/H750-clion.elf.dir/Core/Src/main.c.obj
                0x90000920                Error_Handler
 .text.SystemClock_Config
                0x90000924      0x114 CMakeFiles/H750-clion.elf.dir/Core/Src/main.c.obj
                0x90000924                SystemClock_Config
 .text.main     0x90000a38      0x154 CMakeFiles/H750-clion.elf.dir/Core/Src/main.c.obj
                0x90000a38                main
 .text.MX_SPI1_Init
                0x90000b8c       0x60 CMakeFiles/H750-clion.elf.dir/Core/Src/spi.c.obj
                0x90000b8c                MX_SPI1_Init
 .text.HAL_SPI_MspInit
                0x90000bec       0xf4 CMakeFiles/H750-clion.elf.dir/Core/Src/spi.c.obj
                0x90000bec                HAL_SPI_MspInit
 .text.HAL_MspInit
                0x90000ce0       0x24 CMakeFiles/H750-clion.elf.dir/Core/Src/stm32h7xx_hal_msp.c.obj
                0x90000ce0                HAL_MspInit
 .text.NMI_Handler
                0x90000d04        0x2 CMakeFiles/H750-clion.elf.dir/Core/Src/stm32h7xx_it.c.obj
                0x90000d04                NMI_Handler
 .text.HardFault_Handler
                0x90000d06        0x2 CMakeFiles/H750-clion.elf.dir/Core/Src/stm32h7xx_it.c.obj
                0x90000d06                HardFault_Handler
 .text.MemManage_Handler
                0x90000d08        0x2 CMakeFiles/H750-clion.elf.dir/Core/Src/stm32h7xx_it.c.obj
                0x90000d08                MemManage_Handler
 .text.BusFault_Handler
                0x90000d0a        0x2 CMakeFiles/H750-clion.elf.dir/Core/Src/stm32h7xx_it.c.obj
                0x90000d0a                BusFault_Handler
 .text.UsageFault_Handler
                0x90000d0c        0x2 CMakeFiles/H750-clion.elf.dir/Core/Src/stm32h7xx_it.c.obj
                0x90000d0c                UsageFault_Handler
 .text.SVC_Handler
                0x90000d0e        0x2 CMakeFiles/H750-clion.elf.dir/Core/Src/stm32h7xx_it.c.obj
                0x90000d0e                SVC_Handler
 .text.DebugMon_Handler
                0x90000d10        0x2 CMakeFiles/H750-clion.elf.dir/Core/Src/stm32h7xx_it.c.obj
                0x90000d10                DebugMon_Handler
 .text.PendSV_Handler
                0x90000d12        0x2 CMakeFiles/H750-clion.elf.dir/Core/Src/stm32h7xx_it.c.obj
                0x90000d12                PendSV_Handler
 .text.SysTick_Handler
                0x90000d14        0x8 CMakeFiles/H750-clion.elf.dir/Core/Src/stm32h7xx_it.c.obj
                0x90000d14                SysTick_Handler
 .text.SPI1_IRQHandler
                0x90000d1c       0x10 CMakeFiles/H750-clion.elf.dir/Core/Src/stm32h7xx_it.c.obj
                0x90000d1c                SPI1_IRQHandler
 .text.SystemInit
                0x90000d2c       0xbc CMakeFiles/H750-clion.elf.dir/Core/Src/system_stm32h7xx.c.obj
                0x90000d2c                SystemInit
 .text.Reset_Handler
                0x90000de8       0x50 CMakeFiles/H750-clion.elf.dir/Core/Startup/startup_stm32h750xbhx.s.obj
                0x90000de8                Reset_Handler
 .text.Default_Handler
                0x90000e38        0x2 CMakeFiles/H750-clion.elf.dir/Core/Startup/startup_stm32h750xbhx.s.obj
                0x90000e38                RTC_Alarm_IRQHandler
                0x90000e38                HASH_RNG_IRQHandler
                0x90000e38                EXTI2_IRQHandler
                0x90000e38                TIM8_CC_IRQHandler
                0x90000e38                HRTIM1_Master_IRQHandler
                0x90000e38                UART8_IRQHandler
                0x90000e38                SPI4_IRQHandler
                0x90000e38                TIM1_CC_IRQHandler
                0x90000e38                BDMA_Channel6_IRQHandler
                0x90000e38                DMA2_Stream5_IRQHandler
                0x90000e38                HRTIM1_FLT_IRQHandler
                0x90000e38                JPEG_IRQHandler
                0x90000e38                DMA1_Stream5_IRQHandler
                0x90000e38                BDMA_Channel1_IRQHandler
                0x90000e38                HRTIM1_TIMD_IRQHandler
                0x90000e38                TAMP_STAMP_IRQHandler
                0x90000e38                EXTI3_IRQHandler
                0x90000e38                LPTIM4_IRQHandler
                0x90000e38                TIM8_TRG_COM_TIM14_IRQHandler
                0x90000e38                LPTIM2_IRQHandler
                0x90000e38                DFSDM1_FLT1_IRQHandler
                0x90000e38                DMAMUX2_OVR_IRQHandler
                0x90000e38                TIM8_UP_TIM13_IRQHandler
                0x90000e38                I2C3_ER_IRQHandler
                0x90000e38                DFSDM1_FLT2_IRQHandler
                0x90000e38                MDMA_IRQHandler
                0x90000e38                LPTIM3_IRQHandler
                0x90000e38                HSEM1_IRQHandler
                0x90000e38                EXTI0_IRQHandler
                0x90000e38                I2C2_EV_IRQHandler
                0x90000e38                DMA1_Stream2_IRQHandler
                0x90000e38                FPU_IRQHandler
                0x90000e38                OTG_HS_WKUP_IRQHandler
                0x90000e38                FDCAN1_IT1_IRQHandler
                0x90000e38                LTDC_ER_IRQHandler
                0x90000e38                DMA2_Stream2_IRQHandler
                0x90000e38                HRTIM1_TIME_IRQHandler
                0x90000e38                TIM6_DAC_IRQHandler
                0x90000e38                DCMI_IRQHandler
                0x90000e38                HRTIM1_TIMC_IRQHandler
                0x90000e38                DMA2_Stream3_IRQHandler
                0x90000e38                SAI2_IRQHandler
                0x90000e38                DFSDM1_FLT3_IRQHandler
                0x90000e38                USART6_IRQHandler
                0x90000e38                TIM17_IRQHandler
                0x90000e38                USART3_IRQHandler
                0x90000e38                BDMA_Channel7_IRQHandler
                0x90000e38                CRYP_IRQHandler
                0x90000e38                LPTIM5_IRQHandler
                0x90000e38                UART5_IRQHandler
                0x90000e38                ADC3_IRQHandler
                0x90000e38                DMA2_Stream0_IRQHandler
                0x90000e38                TIM4_IRQHandler
                0x90000e38                BDMA_Channel2_IRQHandler
                0x90000e38                QUADSPI_IRQHandler
                0x90000e38                I2C1_EV_IRQHandler
                0x90000e38                DMA1_Stream6_IRQHandler
                0x90000e38                DMAMUX1_OVR_IRQHandler
                0x90000e38                DMA1_Stream1_IRQHandler
                0x90000e38                TIM16_IRQHandler
                0x90000e38                UART4_IRQHandler
                0x90000e38                BDMA_Channel5_IRQHandler
                0x90000e38                TIM3_IRQHandler
                0x90000e38                RCC_IRQHandler
                0x90000e38                TIM8_BRK_TIM12_IRQHandler
                0x90000e38                TIM1_TRG_COM_IRQHandler
                0x90000e38                Default_Handler
                0x90000e38                ECC_IRQHandler
                0x90000e38                CEC_IRQHandler
                0x90000e38                EXTI15_10_IRQHandler
                0x90000e38                BDMA_Channel0_IRQHandler
                0x90000e38                ADC_IRQHandler
                0x90000e38                DMA1_Stream7_IRQHandler
                0x90000e38                HRTIM1_TIMA_IRQHandler
                0x90000e38                SPI5_IRQHandler
                0x90000e38                TIM7_IRQHandler
                0x90000e38                SDMMC1_IRQHandler
                0x90000e38                TIM5_IRQHandler
                0x90000e38                DMA2_Stream7_IRQHandler
                0x90000e38                TIM15_IRQHandler
                0x90000e38                PVD_AVD_IRQHandler
                0x90000e38                I2C3_EV_IRQHandler
                0x90000e38                EXTI9_5_IRQHandler
                0x90000e38                RTC_WKUP_IRQHandler
                0x90000e38                LTDC_IRQHandler
                0x90000e38                SAI3_IRQHandler
                0x90000e38                ETH_WKUP_IRQHandler
                0x90000e38                SPDIF_RX_IRQHandler
                0x90000e38                SPI2_IRQHandler
                0x90000e38                OTG_HS_EP1_IN_IRQHandler
                0x90000e38                DMA1_Stream0_IRQHandler
                0x90000e38                CRS_IRQHandler
                0x90000e38                EXTI4_IRQHandler
                0x90000e38                HRTIM1_TIMB_IRQHandler
                0x90000e38                FDCAN2_IT1_IRQHandler
                0x90000e38                ETH_IRQHandler
                0x90000e38                TIM1_UP_IRQHandler
                0x90000e38                BDMA_Channel4_IRQHandler
                0x90000e38                OTG_HS_EP1_OUT_IRQHandler
                0x90000e38                WWDG_IRQHandler
                0x90000e38                SPI6_IRQHandler
                0x90000e38                MDIOS_IRQHandler
                0x90000e38                I2C4_EV_IRQHandler
                0x90000e38                FDCAN2_IT0_IRQHandler
                0x90000e38                LPUART1_IRQHandler
                0x90000e38                FDCAN1_IT0_IRQHandler
                0x90000e38                TIM2_IRQHandler
                0x90000e38                OTG_FS_WKUP_IRQHandler
                0x90000e38                OTG_HS_IRQHandler
                0x90000e38                DMA2D_IRQHandler
                0x90000e38                TIM1_BRK_IRQHandler
                0x90000e38                EXTI1_IRQHandler
                0x90000e38                SDMMC2_IRQHandler
                0x90000e38                OTG_FS_EP1_OUT_IRQHandler
                0x90000e38                BDMA_Channel3_IRQHandler
                0x90000e38                UART7_IRQHandler
                0x90000e38                MDIOS_WKUP_IRQHandler
                0x90000e38                USART2_IRQHandler
                0x90000e38                DFSDM1_FLT0_IRQHandler
                0x90000e38                SAI4_IRQHandler
                0x90000e38                I2C2_ER_IRQHandler
                0x90000e38                DMA2_Stream1_IRQHandler
                0x90000e38                FLASH_IRQHandler
                0x90000e38                DMA2_Stream4_IRQHandler
                0x90000e38                USART1_IRQHandler
                0x90000e38                OTG_FS_IRQHandler
                0x90000e38                SPI3_IRQHandler
                0x90000e38                WAKEUP_PIN_IRQHandler
                0x90000e38                DMA1_Stream4_IRQHandler
                0x90000e38                OTG_FS_EP1_IN_IRQHandler
                0x90000e38                I2C1_ER_IRQHandler
                0x90000e38                FMC_IRQHandler
                0x90000e38                FDCAN_CAL_IRQHandler
                0x90000e38                SWPMI1_IRQHandler
                0x90000e38                COMP1_IRQHandler
                0x90000e38                LPTIM1_IRQHandler
                0x90000e38                I2C4_ER_IRQHandler
                0x90000e38                DMA2_Stream6_IRQHandler
                0x90000e38                SAI1_IRQHandler
                0x90000e38                DMA1_Stream3_IRQHandler
 *fill*         0x90000e3a        0x2 
 .text.HAL_InitTick
                0x90000e3c       0x50 CMakeFiles/H750-clion.elf.dir/Drivers/STM32H7xx_HAL_Driver/Src/stm32h7xx_hal.c.obj
                0x90000e3c                HAL_InitTick
 .text.HAL_Init
                0x90000e8c       0x5c CMakeFiles/H750-clion.elf.dir/Drivers/STM32H7xx_HAL_Driver/Src/stm32h7xx_hal.c.obj
                0x90000e8c                HAL_Init
 .text.HAL_IncTick
                0x90000ee8       0x18 CMakeFiles/H750-clion.elf.dir/Drivers/STM32H7xx_HAL_Driver/Src/stm32h7xx_hal.c.obj
                0x90000ee8                HAL_IncTick
 .text.HAL_GetTick
                0x90000f00        0xc CMakeFiles/H750-clion.elf.dir/Drivers/STM32H7xx_HAL_Driver/Src/stm32h7xx_hal.c.obj
                0x90000f00                HAL_GetTick
 .text.HAL_Delay
                0x90000f0c       0x28 CMakeFiles/H750-clion.elf.dir/Drivers/STM32H7xx_HAL_Driver/Src/stm32h7xx_hal.c.obj
                0x90000f0c                HAL_Delay
 .text.HAL_GetREVID
                0x90000f34        0xc CMakeFiles/H750-clion.elf.dir/Drivers/STM32H7xx_HAL_Driver/Src/stm32h7xx_hal.c.obj
                0x90000f34                HAL_GetREVID
 .text.HAL_NVIC_SetPriorityGrouping
                0x90000f40       0x24 CMakeFiles/H750-clion.elf.dir/Drivers/STM32H7xx_HAL_Driver/Src/stm32h7xx_hal_cortex.c.obj
                0x90000f40                HAL_NVIC_SetPriorityGrouping
 .text.HAL_NVIC_SetPriority
                0x90000f64       0x6c CMakeFiles/H750-clion.elf.dir/Drivers/STM32H7xx_HAL_Driver/Src/stm32h7xx_hal_cortex.c.obj
                0x90000f64                HAL_NVIC_SetPriority
 .text.HAL_NVIC_EnableIRQ
                0x90000fd0       0x1c CMakeFiles/H750-clion.elf.dir/Drivers/STM32H7xx_HAL_Driver/Src/stm32h7xx_hal_cortex.c.obj
                0x90000fd0                HAL_NVIC_EnableIRQ
 .text.HAL_SYSTICK_Config
                0x90000fec       0x28 CMakeFiles/H750-clion.elf.dir/Drivers/STM32H7xx_HAL_Driver/Src/stm32h7xx_hal_cortex.c.obj
                0x90000fec                HAL_SYSTICK_Config
 .text.HAL_DMA_Abort_IT
                0x90001014      0x270 CMakeFiles/H750-clion.elf.dir/Drivers/STM32H7xx_HAL_Driver/Src/stm32h7xx_hal_dma.c.obj
                0x90001014                HAL_DMA_Abort_IT
 .text.HAL_GPIO_Init
                0x90001284      0x228 CMakeFiles/H750-clion.elf.dir/Drivers/STM32H7xx_HAL_Driver/Src/stm32h7xx_hal_gpio.c.obj
                0x90001284                HAL_GPIO_Init
 .text.HAL_GPIO_WritePin
                0x900014ac        0xc CMakeFiles/H750-clion.elf.dir/Drivers/STM32H7xx_HAL_Driver/Src/stm32h7xx_hal_gpio.c.obj
                0x900014ac                HAL_GPIO_WritePin
 .text.HAL_GPIO_TogglePin
                0x900014b8       0x12 CMakeFiles/H750-clion.elf.dir/Drivers/STM32H7xx_HAL_Driver/Src/stm32h7xx_hal_gpio.c.obj
                0x900014b8                HAL_GPIO_TogglePin
 *fill*         0x900014ca        0x2 
 .text.HAL_PWREx_ConfigSupply
                0x900014cc       0x54 CMakeFiles/H750-clion.elf.dir/Drivers/STM32H7xx_HAL_Driver/Src/stm32h7xx_hal_pwr_ex.c.obj
                0x900014cc                HAL_PWREx_ConfigSupply
 .text.HAL_RCC_OscConfig
                0x90001520      0x6b4 CMakeFiles/H750-clion.elf.dir/Drivers/STM32H7xx_HAL_Driver/Src/stm32h7xx_hal_rcc.c.obj
                0x90001520                HAL_RCC_OscConfig
 .text.HAL_RCC_GetSysClockFreq
                0x90001bd4      0x218 CMakeFiles/H750-clion.elf.dir/Drivers/STM32H7xx_HAL_Driver/Src/stm32h7xx_hal_rcc.c.obj
                0x90001bd4                HAL_RCC_GetSysClockFreq
 .text.HAL_RCC_ClockConfig
                0x90001dec      0x294 CMakeFiles/H750-clion.elf.dir/Drivers/STM32H7xx_HAL_Driver/Src/stm32h7xx_hal_rcc.c.obj
                0x90001dec                HAL_RCC_ClockConfig
 .text.RCCEx_PLL2_Config
                0x90002080      0x10c CMakeFiles/H750-clion.elf.dir/Drivers/STM32H7xx_HAL_Driver/Src/stm32h7xx_hal_rcc_ex.c.obj
 .text.RCCEx_PLL3_Config
                0x9000218c      0x10c CMakeFiles/H750-clion.elf.dir/Drivers/STM32H7xx_HAL_Driver/Src/stm32h7xx_hal_rcc_ex.c.obj
 .text.HAL_RCCEx_PeriphCLKConfig
                0x90002298      0xa8c CMakeFiles/H750-clion.elf.dir/Drivers/STM32H7xx_HAL_Driver/Src/stm32h7xx_hal_rcc_ex.c.obj
                0x90002298                HAL_RCCEx_PeriphCLKConfig
 .text.SPI_CloseTransfer
                0x90002d24       0xcc CMakeFiles/H750-clion.elf.dir/Drivers/STM32H7xx_HAL_Driver/Src/stm32h7xx_hal_spi.c.obj
 .text.SPI_GetPacketSize
                0x90002df0       0x10 CMakeFiles/H750-clion.elf.dir/Drivers/STM32H7xx_HAL_Driver/Src/stm32h7xx_hal_spi.c.obj
 .text.SPI_WaitOnFlagUntilTimeout
                0x90002e00       0x46 CMakeFiles/H750-clion.elf.dir/Drivers/STM32H7xx_HAL_Driver/Src/stm32h7xx_hal_spi.c.obj
 *fill*         0x90002e46        0x2 
 .text.HAL_SPI_Init
                0x90002e48      0x190 CMakeFiles/H750-clion.elf.dir/Drivers/STM32H7xx_HAL_Driver/Src/stm32h7xx_hal_spi.c.obj
                0x90002e48                HAL_SPI_Init
 .text.HAL_SPI_Transmit
                0x90002fd8      0x2d4 CMakeFiles/H750-clion.elf.dir/Drivers/STM32H7xx_HAL_Driver/Src/stm32h7xx_hal_spi.c.obj
                0x90002fd8                HAL_SPI_Transmit
 .text.HAL_SPI_TxCpltCallback
                0x900032ac        0x2 CMakeFiles/H750-clion.elf.dir/Drivers/STM32H7xx_HAL_Driver/Src/stm32h7xx_hal_spi.c.obj
                0x900032ac                HAL_SPI_TxCpltCallback
 .text.HAL_SPI_RxCpltCallback
                0x900032ae        0x2 CMakeFiles/H750-clion.elf.dir/Drivers/STM32H7xx_HAL_Driver/Src/stm32h7xx_hal_spi.c.obj
                0x900032ae                HAL_SPI_RxCpltCallback
 .text.HAL_SPI_TxRxCpltCallback
                0x900032b0        0x2 CMakeFiles/H750-clion.elf.dir/Drivers/STM32H7xx_HAL_Driver/Src/stm32h7xx_hal_spi.c.obj
                0x900032b0                HAL_SPI_TxRxCpltCallback
 .text.HAL_SPI_ErrorCallback
                0x900032b2        0x2 CMakeFiles/H750-clion.elf.dir/Drivers/STM32H7xx_HAL_Driver/Src/stm32h7xx_hal_spi.c.obj
                0x900032b2                HAL_SPI_ErrorCallback
 .text.SPI_DMAAbortOnError
                0x900032b4       0x1a CMakeFiles/H750-clion.elf.dir/Drivers/STM32H7xx_HAL_Driver/Src/stm32h7xx_hal_spi.c.obj
 .text.HAL_SPI_SuspendCallback
                0x900032ce        0x2 CMakeFiles/H750-clion.elf.dir/Drivers/STM32H7xx_HAL_Driver/Src/stm32h7xx_hal_spi.c.obj
                0x900032ce                HAL_SPI_SuspendCallback
 .text.HAL_SPI_IRQHandler
                0x900032d0      0x240 CMakeFiles/H750-clion.elf.dir/Drivers/STM32H7xx_HAL_Driver/Src/stm32h7xx_hal_spi.c.obj
                0x900032d0                HAL_SPI_IRQHandler
 .text.LCD_SPI_Send
                0x90003510       0x2c CMakeFiles/H750-clion.elf.dir/HardWare/Src/Lcd_int.c.obj
                0x90003510                LCD_SPI_Send
 .text.LCD_WriteCommand
                0x9000353c       0x2c CMakeFiles/H750-clion.elf.dir/HardWare/Src/Lcd_int.c.obj
                0x9000353c                LCD_WriteCommand
 .text.LCD_WriteData
                0x90003568       0x2c CMakeFiles/H750-clion.elf.dir/HardWare/Src/Lcd_int.c.obj
                0x90003568                LCD_WriteData
 .text.LCD_Init
                0x90003594      0x5f0 CMakeFiles/H750-clion.elf.dir/HardWare/Src/Lcd_int.c.obj
                0x90003594                LCD_Init
 .text.__libc_init_array
                0x90003b84       0x48 d:/software/stm32cube/gcc-arm-none-eabi-10.3-2021.10/bin/../lib/gcc/arm-none-eabi/10.3.1/../../../../arm-none-eabi/lib/thumb/v7e-m/nofp\libg.a(lib_a-init.o)
                0x90003b84                __libc_init_array
 .text.memset   0x90003bcc       0xa4 d:/software/stm32cube/gcc-arm-none-eabi-10.3-2021.10/bin/../lib/gcc/arm-none-eabi/10.3.1/../../../../arm-none-eabi/lib/thumb/v7e-m/nofp\libg.a(lib_a-memset.o)
                0x90003bcc                memset
 .text.startup.register_fini
                0x90003c70       0x14 d:/software/stm32cube/gcc-arm-none-eabi-10.3-2021.10/bin/../lib/gcc/arm-none-eabi/10.3.1/../../../../arm-none-eabi/lib/thumb/v7e-m/nofp\libg.a(lib_a-__call_atexit.o)
 .text.atexit   0x90003c84        0xc d:/software/stm32cube/gcc-arm-none-eabi-10.3-2021.10/bin/../lib/gcc/arm-none-eabi/10.3.1/../../../../arm-none-eabi/lib/thumb/v7e-m/nofp\libg.a(lib_a-atexit.o)
                0x90003c84                atexit
 .text.__libc_fini_array
                0x90003c90       0x2c d:/software/stm32cube/gcc-arm-none-eabi-10.3-2021.10/bin/../lib/gcc/arm-none-eabi/10.3.1/../../../../arm-none-eabi/lib/thumb/v7e-m/nofp\libg.a(lib_a-fini.o)
                0x90003c90                __libc_fini_array
 .text.__retarget_lock_acquire_recursive
                0x90003cbc        0x4 d:/software/stm32cube/gcc-arm-none-eabi-10.3-2021.10/bin/../lib/gcc/arm-none-eabi/10.3.1/../../../../arm-none-eabi/lib/thumb/v7e-m/nofp\libg.a(lib_a-lock.o)
                0x90003cbc                __retarget_lock_acquire_recursive
 .text.__retarget_lock_release_recursive
                0x90003cc0        0x4 d:/software/stm32cube/gcc-arm-none-eabi-10.3-2021.10/bin/../lib/gcc/arm-none-eabi/10.3.1/../../../../arm-none-eabi/lib/thumb/v7e-m/nofp\libg.a(lib_a-lock.o)
                0x90003cc0                __retarget_lock_release_recursive
 .text.__register_exitproc
                0x90003cc4       0x8c d:/software/stm32cube/gcc-arm-none-eabi-10.3-2021.10/bin/../lib/gcc/arm-none-eabi/10.3.1/../../../../arm-none-eabi/lib/thumb/v7e-m/nofp\libg.a(lib_a-__atexit.o)
                0x90003cc4                __register_exitproc
 *(.glue_7)
 .glue_7        0x90003d50        0x0 linker stubs
 *(.glue_7t)
 .glue_7t       0x90003d50        0x0 linker stubs
 *(.eh_frame)
 .eh_frame      0x90003d50        0x0 d:/software/stm32cube/gcc-arm-none-eabi-10.3-2021.10/bin/../lib/gcc/arm-none-eabi/10.3.1/thumb/v7e-m/nofp/crtbegin.o
 *(.init)
 .init          0x90003d50        0x4 d:/software/stm32cube/gcc-arm-none-eabi-10.3-2021.10/bin/../lib/gcc/arm-none-eabi/10.3.1/thumb/v7e-m/nofp/crti.o
                0x90003d50                _init
 .init          0x90003d54        0x8 d:/software/stm32cube/gcc-arm-none-eabi-10.3-2021.10/bin/../lib/gcc/arm-none-eabi/10.3.1/thumb/v7e-m/nofp/crtn.o
 *(.fini)
 .fini          0x90003d5c        0x4 d:/software/stm32cube/gcc-arm-none-eabi-10.3-2021.10/bin/../lib/gcc/arm-none-eabi/10.3.1/thumb/v7e-m/nofp/crti.o
                0x90003d5c                _fini
 .fini          0x90003d60        0x8 d:/software/stm32cube/gcc-arm-none-eabi-10.3-2021.10/bin/../lib/gcc/arm-none-eabi/10.3.1/thumb/v7e-m/nofp/crtn.o
                0x90003d68                . = ALIGN (0x4)
                0x90003d68                _etext = .

.vfp11_veneer   0x90003d68        0x0
 .vfp11_veneer  0x90003d68        0x0 linker stubs

.v4_bx          0x90003d68        0x0
 .v4_bx         0x90003d68        0x0 linker stubs

.iplt           0x90003d68        0x0
 .iplt          0x90003d68        0x0 d:/software/stm32cube/gcc-arm-none-eabi-10.3-2021.10/bin/../lib/gcc/arm-none-eabi/10.3.1/thumb/v7e-m/nofp/crtbegin.o

.rodata         0x90003d68       0x14
                0x90003d68                . = ALIGN (0x4)
 *(.rodata)
 *(.rodata*)
 .rodata.D1CorePrescTable
                0x90003d68       0x10 CMakeFiles/H750-clion.elf.dir/Core/Src/system_stm32h7xx.c.obj
                0x90003d68                D1CorePrescTable
 .rodata._global_impure_ptr
                0x90003d78        0x4 d:/software/stm32cube/gcc-arm-none-eabi-10.3-2021.10/bin/../lib/gcc/arm-none-eabi/10.3.1/../../../../arm-none-eabi/lib/thumb/v7e-m/nofp\libg.a(lib_a-impure.o)
                0x90003d78                _global_impure_ptr
                0x90003d7c                . = ALIGN (0x4)

.rel.dyn        0x90003d7c        0x0
 .rel.iplt      0x90003d7c        0x0 d:/software/stm32cube/gcc-arm-none-eabi-10.3-2021.10/bin/../lib/gcc/arm-none-eabi/10.3.1/thumb/v7e-m/nofp/crtbegin.o

.ARM.extab
 *(.ARM.extab* .gnu.linkonce.armextab.*)

.ARM            0x90003d7c        0x0
                0x90003d7c                __exidx_start = .
 *(.ARM.exidx*)
                0x90003d7c                __exidx_end = .

.preinit_array  0x90003d7c        0x0
                0x90003d7c                PROVIDE (__preinit_array_start = .)
 *(.preinit_array*)
                0x90003d7c                PROVIDE (__preinit_array_end = .)

.init_array     0x90003d7c        0x8
                0x90003d7c                PROVIDE (__init_array_start = .)
 *(SORT_BY_NAME(.init_array.*))
 .init_array.00000
                0x90003d7c        0x4 d:/software/stm32cube/gcc-arm-none-eabi-10.3-2021.10/bin/../lib/gcc/arm-none-eabi/10.3.1/../../../../arm-none-eabi/lib/thumb/v7e-m/nofp\libg.a(lib_a-__call_atexit.o)
 *(.init_array*)
 .init_array    0x90003d80        0x4 d:/software/stm32cube/gcc-arm-none-eabi-10.3-2021.10/bin/../lib/gcc/arm-none-eabi/10.3.1/thumb/v7e-m/nofp/crtbegin.o
                0x90003d84                PROVIDE (__init_array_end = .)

.fini_array     0x90003d84        0x4
                0x90003d84                PROVIDE (__fini_array_start = .)
 *(SORT_BY_NAME(.fini_array.*))
 *(.fini_array*)
 .fini_array    0x90003d84        0x4 d:/software/stm32cube/gcc-arm-none-eabi-10.3-2021.10/bin/../lib/gcc/arm-none-eabi/10.3.1/thumb/v7e-m/nofp/crtbegin.o
                0x90003d88                PROVIDE (__fini_array_end = .)
                0x90003d88                _sidata = LOADADDR (.data)

.data           0x24000000      0x43c load address 0x90003d88
                0x24000000                . = ALIGN (0x4)
                0x24000000                _sdata = .
 *(.data)
 *(.data*)
 .data.SystemCoreClock
                0x24000000        0x4 CMakeFiles/H750-clion.elf.dir/Core/Src/system_stm32h7xx.c.obj
                0x24000000                SystemCoreClock
 .data.SystemD2Clock
                0x24000004        0x4 CMakeFiles/H750-clion.elf.dir/Core/Src/system_stm32h7xx.c.obj
                0x24000004                SystemD2Clock
 .data.uwTickFreq
                0x24000008        0x1 CMakeFiles/H750-clion.elf.dir/Drivers/STM32H7xx_HAL_Driver/Src/stm32h7xx_hal.c.obj
                0x24000008                uwTickFreq
 *fill*         0x24000009        0x3 
 .data.uwTickPrio
                0x2400000c        0x4 CMakeFiles/H750-clion.elf.dir/Drivers/STM32H7xx_HAL_Driver/Src/stm32h7xx_hal.c.obj
                0x2400000c                uwTickPrio
 .data.impure_data
                0x24000010      0x428 d:/software/stm32cube/gcc-arm-none-eabi-10.3-2021.10/bin/../lib/gcc/arm-none-eabi/10.3.1/../../../../arm-none-eabi/lib/thumb/v7e-m/nofp\libg.a(lib_a-impure.o)
 .data.__atexit_recursive_mutex
                0x24000438        0x4 d:/software/stm32cube/gcc-arm-none-eabi-10.3-2021.10/bin/../lib/gcc/arm-none-eabi/10.3.1/../../../../arm-none-eabi/lib/thumb/v7e-m/nofp\libg.a(lib_a-__call_atexit.o)
                0x24000438                __atexit_recursive_mutex
 *(.RamFunc)
 *(.RamFunc*)
                0x2400043c                . = ALIGN (0x4)
                0x2400043c                _edata = .

.igot.plt       0x2400043c        0x0 load address 0x900041c4
 .igot.plt      0x2400043c        0x0 d:/software/stm32cube/gcc-arm-none-eabi-10.3-2021.10/bin/../lib/gcc/arm-none-eabi/10.3.1/thumb/v7e-m/nofp/crtbegin.o
                0x2400043c                . = ALIGN (0x4)

.bss            0x2400043c       0xac load address 0x900041c4
                0x2400043c                _sbss = .
                0x2400043c                __bss_start__ = _sbss
 *(.bss)
 .bss           0x2400043c       0x1c d:/software/stm32cube/gcc-arm-none-eabi-10.3-2021.10/bin/../lib/gcc/arm-none-eabi/10.3.1/thumb/v7e-m/nofp/crtbegin.o
 *(.bss*)
 .bss.hspi1     0x24000458       0x88 CMakeFiles/H750-clion.elf.dir/Core/Src/spi.c.obj
                0x24000458                hspi1
 .bss.uwTick    0x240004e0        0x4 CMakeFiles/H750-clion.elf.dir/Drivers/STM32H7xx_HAL_Driver/Src/stm32h7xx_hal.c.obj
                0x240004e0                uwTick
 .bss.__lock___atexit_recursive_mutex
                0x240004e4        0x1 d:/software/stm32cube/gcc-arm-none-eabi-10.3-2021.10/bin/../lib/gcc/arm-none-eabi/10.3.1/../../../../arm-none-eabi/lib/thumb/v7e-m/nofp\libg.a(lib_a-lock.o)
                0x240004e4                __lock___atexit_recursive_mutex
 *(COMMON)
                0x240004e8                . = ALIGN (0x4)
 *fill*         0x240004e5        0x3 
                0x240004e8                _ebss = .
                0x240004e8                __bss_end__ = _ebss

._user_heap_stack
                0x240004e8      0x600 load address 0x900041c4
                0x240004e8                . = ALIGN (0x8)
                [!provide]                PROVIDE (end = .)
                0x240004e8                PROVIDE (_end = .)
                0x240006e8                . = (. + _Min_Heap_Size)
 *fill*         0x240004e8      0x200 
                0x24000ae8                . = (. + _Min_Stack_Size)
 *fill*         0x240006e8      0x400 
                0x24000ae8                . = ALIGN (0x8)

/DISCARD/
 libc.a(*)
 libm.a(*)
 libgcc.a(*)

.ARM.attributes
                0x00000000       0x2a
 *(.ARM.attributes)
 .ARM.attributes
                0x00000000       0x1e d:/software/stm32cube/gcc-arm-none-eabi-10.3-2021.10/bin/../lib/gcc/arm-none-eabi/10.3.1/thumb/v7e-m/nofp/crti.o
 .ARM.attributes
                0x0000001e       0x2e d:/software/stm32cube/gcc-arm-none-eabi-10.3-2021.10/bin/../lib/gcc/arm-none-eabi/10.3.1/thumb/v7e-m/nofp/crtbegin.o
 .ARM.attributes
                0x0000004c       0x2e CMakeFiles/H750-clion.elf.dir/Core/Src/gpio.c.obj
 .ARM.attributes
                0x0000007a       0x2e CMakeFiles/H750-clion.elf.dir/Core/Src/main.c.obj
 .ARM.attributes
                0x000000a8       0x2e CMakeFiles/H750-clion.elf.dir/Core/Src/spi.c.obj
 .ARM.attributes
                0x000000d6       0x2e CMakeFiles/H750-clion.elf.dir/Core/Src/stm32h7xx_hal_msp.c.obj
 .ARM.attributes
                0x00000104       0x2e CMakeFiles/H750-clion.elf.dir/Core/Src/stm32h7xx_it.c.obj
 .ARM.attributes
                0x00000132       0x2e CMakeFiles/H750-clion.elf.dir/Core/Src/system_stm32h7xx.c.obj
 .ARM.attributes
                0x00000160       0x21 CMakeFiles/H750-clion.elf.dir/Core/Startup/startup_stm32h750xbhx.s.obj
 .ARM.attributes
                0x00000181       0x2e CMakeFiles/H750-clion.elf.dir/Drivers/STM32H7xx_HAL_Driver/Src/stm32h7xx_hal.c.obj
 .ARM.attributes
                0x000001af       0x2e CMakeFiles/H750-clion.elf.dir/Drivers/STM32H7xx_HAL_Driver/Src/stm32h7xx_hal_cortex.c.obj
 .ARM.attributes
                0x000001dd       0x2e CMakeFiles/H750-clion.elf.dir/Drivers/STM32H7xx_HAL_Driver/Src/stm32h7xx_hal_dma.c.obj
 .ARM.attributes
                0x0000020b       0x2e CMakeFiles/H750-clion.elf.dir/Drivers/STM32H7xx_HAL_Driver/Src/stm32h7xx_hal_gpio.c.obj
 .ARM.attributes
                0x00000239       0x2e CMakeFiles/H750-clion.elf.dir/Drivers/STM32H7xx_HAL_Driver/Src/stm32h7xx_hal_pwr_ex.c.obj
 .ARM.attributes
                0x00000267       0x2e CMakeFiles/H750-clion.elf.dir/Drivers/STM32H7xx_HAL_Driver/Src/stm32h7xx_hal_rcc.c.obj
 .ARM.attributes
                0x00000295       0x2e CMakeFiles/H750-clion.elf.dir/Drivers/STM32H7xx_HAL_Driver/Src/stm32h7xx_hal_rcc_ex.c.obj
 .ARM.attributes
                0x000002c3       0x2e CMakeFiles/H750-clion.elf.dir/Drivers/STM32H7xx_HAL_Driver/Src/stm32h7xx_hal_spi.c.obj
 .ARM.attributes
                0x000002f1       0x2e CMakeFiles/H750-clion.elf.dir/HardWare/Src/Lcd_int.c.obj
 .ARM.attributes
                0x0000031f       0x1e d:/software/stm32cube/gcc-arm-none-eabi-10.3-2021.10/bin/../lib/gcc/arm-none-eabi/10.3.1/thumb/v7e-m/nofp\libgcc.a(_arm_addsubsf3.o)
 .ARM.attributes
                0x0000033d       0x1e d:/software/stm32cube/gcc-arm-none-eabi-10.3-2021.10/bin/../lib/gcc/arm-none-eabi/10.3.1/thumb/v7e-m/nofp\libgcc.a(_arm_muldivsf3.o)
 .ARM.attributes
                0x0000035b       0x1e d:/software/stm32cube/gcc-arm-none-eabi-10.3-2021.10/bin/../lib/gcc/arm-none-eabi/10.3.1/thumb/v7e-m/nofp\libgcc.a(_arm_fixunssfsi.o)
 .ARM.attributes
                0x00000379       0x2e d:/software/stm32cube/gcc-arm-none-eabi-10.3-2021.10/bin/../lib/gcc/arm-none-eabi/10.3.1/../../../../arm-none-eabi/lib/thumb/v7e-m/nofp\libg.a(lib_a-impure.o)
 .ARM.attributes
                0x000003a7       0x2e d:/software/stm32cube/gcc-arm-none-eabi-10.3-2021.10/bin/../lib/gcc/arm-none-eabi/10.3.1/../../../../arm-none-eabi/lib/thumb/v7e-m/nofp\libg.a(lib_a-init.o)
 .ARM.attributes
                0x000003d5       0x2e d:/software/stm32cube/gcc-arm-none-eabi-10.3-2021.10/bin/../lib/gcc/arm-none-eabi/10.3.1/../../../../arm-none-eabi/lib/thumb/v7e-m/nofp\libg.a(lib_a-memset.o)
 .ARM.attributes
                0x00000403       0x2e d:/software/stm32cube/gcc-arm-none-eabi-10.3-2021.10/bin/../lib/gcc/arm-none-eabi/10.3.1/../../../../arm-none-eabi/lib/thumb/v7e-m/nofp\libg.a(lib_a-__call_atexit.o)
 .ARM.attributes
                0x00000431       0x2e d:/software/stm32cube/gcc-arm-none-eabi-10.3-2021.10/bin/../lib/gcc/arm-none-eabi/10.3.1/../../../../arm-none-eabi/lib/thumb/v7e-m/nofp\libg.a(lib_a-atexit.o)
 .ARM.attributes
                0x0000045f       0x2e d:/software/stm32cube/gcc-arm-none-eabi-10.3-2021.10/bin/../lib/gcc/arm-none-eabi/10.3.1/../../../../arm-none-eabi/lib/thumb/v7e-m/nofp\libg.a(lib_a-fini.o)
 .ARM.attributes
                0x0000048d       0x2e d:/software/stm32cube/gcc-arm-none-eabi-10.3-2021.10/bin/../lib/gcc/arm-none-eabi/10.3.1/../../../../arm-none-eabi/lib/thumb/v7e-m/nofp\libg.a(lib_a-lock.o)
 .ARM.attributes
                0x000004bb       0x2e d:/software/stm32cube/gcc-arm-none-eabi-10.3-2021.10/bin/../lib/gcc/arm-none-eabi/10.3.1/../../../../arm-none-eabi/lib/thumb/v7e-m/nofp\libg.a(lib_a-__atexit.o)
 .ARM.attributes
                0x000004e9       0x1e d:/software/stm32cube/gcc-arm-none-eabi-10.3-2021.10/bin/../lib/gcc/arm-none-eabi/10.3.1/thumb/v7e-m/nofp/crtn.o
OUTPUT(H750-clion.elf elf32-littlearm)
LOAD linker stubs
LOAD d:/software/stm32cube/gcc-arm-none-eabi-10.3-2021.10/bin/../lib/gcc/arm-none-eabi/10.3.1/../../../../arm-none-eabi/lib/thumb/v7e-m/nofp\libc.a
LOAD d:/software/stm32cube/gcc-arm-none-eabi-10.3-2021.10/bin/../lib/gcc/arm-none-eabi/10.3.1/../../../../arm-none-eabi/lib/thumb/v7e-m/nofp\libm.a
LOAD d:/software/stm32cube/gcc-arm-none-eabi-10.3-2021.10/bin/../lib/gcc/arm-none-eabi/10.3.1/thumb/v7e-m/nofp\libgcc.a

.debug_info     0x00000000    0x10bd4
 .debug_info    0x00000000      0x77b CMakeFiles/H750-clion.elf.dir/Core/Src/gpio.c.obj
 .debug_info    0x0000077b      0xfa8 CMakeFiles/H750-clion.elf.dir/Core/Src/main.c.obj
 .debug_info    0x00001723     0x159d CMakeFiles/H750-clion.elf.dir/Core/Src/spi.c.obj
 .debug_info    0x00002cc0      0x4a0 CMakeFiles/H750-clion.elf.dir/Core/Src/stm32h7xx_hal_msp.c.obj
 .debug_info    0x00003160      0x8a1 CMakeFiles/H750-clion.elf.dir/Core/Src/stm32h7xx_it.c.obj
 .debug_info    0x00003a01      0xaf5 CMakeFiles/H750-clion.elf.dir/Core/Src/system_stm32h7xx.c.obj
 .debug_info    0x000044f6       0x22 CMakeFiles/H750-clion.elf.dir/Core/Startup/startup_stm32h750xbhx.s.obj
 .debug_info    0x00004518     0x16a6 CMakeFiles/H750-clion.elf.dir/Drivers/STM32H7xx_HAL_Driver/Src/stm32h7xx_hal.c.obj
 .debug_info    0x00005bbe     0x13f0 CMakeFiles/H750-clion.elf.dir/Drivers/STM32H7xx_HAL_Driver/Src/stm32h7xx_hal_cortex.c.obj
 .debug_info    0x00006fae      0xfeb CMakeFiles/H750-clion.elf.dir/Drivers/STM32H7xx_HAL_Driver/Src/stm32h7xx_hal_dma.c.obj
 .debug_info    0x00007f99      0xd66 CMakeFiles/H750-clion.elf.dir/Drivers/STM32H7xx_HAL_Driver/Src/stm32h7xx_hal_gpio.c.obj
 .debug_info    0x00008cff     0x122e CMakeFiles/H750-clion.elf.dir/Drivers/STM32H7xx_HAL_Driver/Src/stm32h7xx_hal_pwr_ex.c.obj
 .debug_info    0x00009f2d     0x13c5 CMakeFiles/H750-clion.elf.dir/Drivers/STM32H7xx_HAL_Driver/Src/stm32h7xx_hal_rcc.c.obj
 .debug_info    0x0000b2f2     0x2034 CMakeFiles/H750-clion.elf.dir/Drivers/STM32H7xx_HAL_Driver/Src/stm32h7xx_hal_rcc_ex.c.obj
 .debug_info    0x0000d326     0x1b7f CMakeFiles/H750-clion.elf.dir/Drivers/STM32H7xx_HAL_Driver/Src/stm32h7xx_hal_spi.c.obj
 .debug_info    0x0000eea5     0x1d2f CMakeFiles/H750-clion.elf.dir/HardWare/Src/Lcd_int.c.obj

.debug_abbrev   0x00000000     0x1fe8
 .debug_abbrev  0x00000000      0x181 CMakeFiles/H750-clion.elf.dir/Core/Src/gpio.c.obj
 .debug_abbrev  0x00000181      0x1f3 CMakeFiles/H750-clion.elf.dir/Core/Src/main.c.obj
 .debug_abbrev  0x00000374      0x214 CMakeFiles/H750-clion.elf.dir/Core/Src/spi.c.obj
 .debug_abbrev  0x00000588       0xd7 CMakeFiles/H750-clion.elf.dir/Core/Src/stm32h7xx_hal_msp.c.obj
 .debug_abbrev  0x0000065f      0x17e CMakeFiles/H750-clion.elf.dir/Core/Src/stm32h7xx_it.c.obj
 .debug_abbrev  0x000007dd      0x162 CMakeFiles/H750-clion.elf.dir/Core/Src/system_stm32h7xx.c.obj
 .debug_abbrev  0x0000093f       0x12 CMakeFiles/H750-clion.elf.dir/Core/Startup/startup_stm32h750xbhx.s.obj
 .debug_abbrev  0x00000951      0x264 CMakeFiles/H750-clion.elf.dir/Drivers/STM32H7xx_HAL_Driver/Src/stm32h7xx_hal.c.obj
 .debug_abbrev  0x00000bb5      0x37d CMakeFiles/H750-clion.elf.dir/Drivers/STM32H7xx_HAL_Driver/Src/stm32h7xx_hal_cortex.c.obj
 .debug_abbrev  0x00000f32      0x298 CMakeFiles/H750-clion.elf.dir/Drivers/STM32H7xx_HAL_Driver/Src/stm32h7xx_hal_dma.c.obj
 .debug_abbrev  0x000011ca      0x239 CMakeFiles/H750-clion.elf.dir/Drivers/STM32H7xx_HAL_Driver/Src/stm32h7xx_hal_gpio.c.obj
 .debug_abbrev  0x00001403      0x29b CMakeFiles/H750-clion.elf.dir/Drivers/STM32H7xx_HAL_Driver/Src/stm32h7xx_hal_pwr_ex.c.obj
 .debug_abbrev  0x0000169e      0x28c CMakeFiles/H750-clion.elf.dir/Drivers/STM32H7xx_HAL_Driver/Src/stm32h7xx_hal_rcc.c.obj
 .debug_abbrev  0x0000192a      0x285 CMakeFiles/H750-clion.elf.dir/Drivers/STM32H7xx_HAL_Driver/Src/stm32h7xx_hal_rcc_ex.c.obj
 .debug_abbrev  0x00001baf      0x280 CMakeFiles/H750-clion.elf.dir/Drivers/STM32H7xx_HAL_Driver/Src/stm32h7xx_hal_spi.c.obj
 .debug_abbrev  0x00001e2f      0x1b9 CMakeFiles/H750-clion.elf.dir/HardWare/Src/Lcd_int.c.obj

.debug_aranges  0x00000000      0x950
 .debug_aranges
                0x00000000       0x20 CMakeFiles/H750-clion.elf.dir/Core/Src/gpio.c.obj
 .debug_aranges
                0x00000020       0x30 CMakeFiles/H750-clion.elf.dir/Core/Src/main.c.obj
 .debug_aranges
                0x00000050       0x30 CMakeFiles/H750-clion.elf.dir/Core/Src/spi.c.obj
 .debug_aranges
                0x00000080       0x20 CMakeFiles/H750-clion.elf.dir/Core/Src/stm32h7xx_hal_msp.c.obj
 .debug_aranges
                0x000000a0       0x68 CMakeFiles/H750-clion.elf.dir/Core/Src/stm32h7xx_it.c.obj
 .debug_aranges
                0x00000108       0x28 CMakeFiles/H750-clion.elf.dir/Core/Src/system_stm32h7xx.c.obj
 .debug_aranges
                0x00000130       0x28 CMakeFiles/H750-clion.elf.dir/Core/Startup/startup_stm32h750xbhx.s.obj
 .debug_aranges
                0x00000158      0x198 CMakeFiles/H750-clion.elf.dir/Drivers/STM32H7xx_HAL_Driver/Src/stm32h7xx_hal.c.obj
 .debug_aranges
                0x000002f0       0xb0 CMakeFiles/H750-clion.elf.dir/Drivers/STM32H7xx_HAL_Driver/Src/stm32h7xx_hal_cortex.c.obj
 .debug_aranges
                0x000003a0       0xa0 CMakeFiles/H750-clion.elf.dir/Drivers/STM32H7xx_HAL_Driver/Src/stm32h7xx_hal_dma.c.obj
 .debug_aranges
                0x00000440       0x58 CMakeFiles/H750-clion.elf.dir/Drivers/STM32H7xx_HAL_Driver/Src/stm32h7xx_hal_gpio.c.obj
 .debug_aranges
                0x00000498      0x158 CMakeFiles/H750-clion.elf.dir/Drivers/STM32H7xx_HAL_Driver/Src/stm32h7xx_hal_pwr_ex.c.obj
 .debug_aranges
                0x000005f0       0x88 CMakeFiles/H750-clion.elf.dir/Drivers/STM32H7xx_HAL_Driver/Src/stm32h7xx_hal_rcc.c.obj
 .debug_aranges
                0x00000678       0xf8 CMakeFiles/H750-clion.elf.dir/Drivers/STM32H7xx_HAL_Driver/Src/stm32h7xx_hal_rcc_ex.c.obj
 .debug_aranges
                0x00000770      0x1a8 CMakeFiles/H750-clion.elf.dir/Drivers/STM32H7xx_HAL_Driver/Src/stm32h7xx_hal_spi.c.obj
 .debug_aranges
                0x00000918       0x38 CMakeFiles/H750-clion.elf.dir/HardWare/Src/Lcd_int.c.obj

.debug_ranges   0x00000000      0x9a0
 .debug_ranges  0x00000000       0x10 CMakeFiles/H750-clion.elf.dir/Core/Src/gpio.c.obj
 .debug_ranges  0x00000010       0x20 CMakeFiles/H750-clion.elf.dir/Core/Src/main.c.obj
 .debug_ranges  0x00000030       0x20 CMakeFiles/H750-clion.elf.dir/Core/Src/spi.c.obj
 .debug_ranges  0x00000050       0x10 CMakeFiles/H750-clion.elf.dir/Core/Src/stm32h7xx_hal_msp.c.obj
 .debug_ranges  0x00000060       0x58 CMakeFiles/H750-clion.elf.dir/Core/Src/stm32h7xx_it.c.obj
 .debug_ranges  0x000000b8       0x18 CMakeFiles/H750-clion.elf.dir/Core/Src/system_stm32h7xx.c.obj
 .debug_ranges  0x000000d0       0x20 CMakeFiles/H750-clion.elf.dir/Core/Startup/startup_stm32h750xbhx.s.obj
 .debug_ranges  0x000000f0      0x188 CMakeFiles/H750-clion.elf.dir/Drivers/STM32H7xx_HAL_Driver/Src/stm32h7xx_hal.c.obj
 .debug_ranges  0x00000278      0x100 CMakeFiles/H750-clion.elf.dir/Drivers/STM32H7xx_HAL_Driver/Src/stm32h7xx_hal_cortex.c.obj
 .debug_ranges  0x00000378       0xa8 CMakeFiles/H750-clion.elf.dir/Drivers/STM32H7xx_HAL_Driver/Src/stm32h7xx_hal_dma.c.obj
 .debug_ranges  0x00000420       0x48 CMakeFiles/H750-clion.elf.dir/Drivers/STM32H7xx_HAL_Driver/Src/stm32h7xx_hal_gpio.c.obj
 .debug_ranges  0x00000468      0x1a8 CMakeFiles/H750-clion.elf.dir/Drivers/STM32H7xx_HAL_Driver/Src/stm32h7xx_hal_pwr_ex.c.obj
 .debug_ranges  0x00000610       0xe8 CMakeFiles/H750-clion.elf.dir/Drivers/STM32H7xx_HAL_Driver/Src/stm32h7xx_hal_rcc.c.obj
 .debug_ranges  0x000006f8       0xe8 CMakeFiles/H750-clion.elf.dir/Drivers/STM32H7xx_HAL_Driver/Src/stm32h7xx_hal_rcc_ex.c.obj
 .debug_ranges  0x000007e0      0x198 CMakeFiles/H750-clion.elf.dir/Drivers/STM32H7xx_HAL_Driver/Src/stm32h7xx_hal_spi.c.obj
 .debug_ranges  0x00000978       0x28 CMakeFiles/H750-clion.elf.dir/HardWare/Src/Lcd_int.c.obj

.debug_line     0x00000000     0xb7b6
 .debug_line    0x00000000      0x27d CMakeFiles/H750-clion.elf.dir/Core/Src/gpio.c.obj
 .debug_line    0x0000027d      0x527 CMakeFiles/H750-clion.elf.dir/Core/Src/main.c.obj
 .debug_line    0x000007a4      0x46c CMakeFiles/H750-clion.elf.dir/Core/Src/spi.c.obj
 .debug_line    0x00000c10      0x18b CMakeFiles/H750-clion.elf.dir/Core/Src/stm32h7xx_hal_msp.c.obj
 .debug_line    0x00000d9b      0x31e CMakeFiles/H750-clion.elf.dir/Core/Src/stm32h7xx_it.c.obj
 .debug_line    0x000010b9      0x438 CMakeFiles/H750-clion.elf.dir/Core/Src/system_stm32h7xx.c.obj
 .debug_line    0x000014f1       0x9e CMakeFiles/H750-clion.elf.dir/Core/Startup/startup_stm32h750xbhx.s.obj
 .debug_line    0x0000158f      0x924 CMakeFiles/H750-clion.elf.dir/Drivers/STM32H7xx_HAL_Driver/Src/stm32h7xx_hal.c.obj
 .debug_line    0x00001eb3      0x7ef CMakeFiles/H750-clion.elf.dir/Drivers/STM32H7xx_HAL_Driver/Src/stm32h7xx_hal_cortex.c.obj
 .debug_line    0x000026a2     0x2486 CMakeFiles/H750-clion.elf.dir/Drivers/STM32H7xx_HAL_Driver/Src/stm32h7xx_hal_dma.c.obj
 .debug_line    0x00004b28      0x702 CMakeFiles/H750-clion.elf.dir/Drivers/STM32H7xx_HAL_Driver/Src/stm32h7xx_hal_gpio.c.obj
 .debug_line    0x0000522a      0xae4 CMakeFiles/H750-clion.elf.dir/Drivers/STM32H7xx_HAL_Driver/Src/stm32h7xx_hal_pwr_ex.c.obj
 .debug_line    0x00005d0e     0x12f0 CMakeFiles/H750-clion.elf.dir/Drivers/STM32H7xx_HAL_Driver/Src/stm32h7xx_hal_rcc.c.obj
 .debug_line    0x00006ffe     0x1faa CMakeFiles/H750-clion.elf.dir/Drivers/STM32H7xx_HAL_Driver/Src/stm32h7xx_hal_rcc_ex.c.obj
 .debug_line    0x00008fa8     0x2477 CMakeFiles/H750-clion.elf.dir/Drivers/STM32H7xx_HAL_Driver/Src/stm32h7xx_hal_spi.c.obj
 .debug_line    0x0000b41f      0x397 CMakeFiles/H750-clion.elf.dir/HardWare/Src/Lcd_int.c.obj

.debug_str      0x00000000     0x413b
 .debug_str     0x00000000      0x462 CMakeFiles/H750-clion.elf.dir/Core/Src/gpio.c.obj
                                0x4c3 (size before relaxing)
 .debug_str     0x00000462      0x342 CMakeFiles/H750-clion.elf.dir/Core/Src/main.c.obj
                                0x771 (size before relaxing)
 .debug_str     0x000007a4     0x1194 CMakeFiles/H750-clion.elf.dir/Core/Src/spi.c.obj
                               0x16e9 (size before relaxing)
 .debug_str     0x00001938       0x42 CMakeFiles/H750-clion.elf.dir/Core/Src/stm32h7xx_hal_msp.c.obj
                                0x412 (size before relaxing)
 .debug_str     0x0000197a       0xf0 CMakeFiles/H750-clion.elf.dir/Core/Src/stm32h7xx_it.c.obj
                                0x8a8 (size before relaxing)
 .debug_str     0x00001a6a      0x299 CMakeFiles/H750-clion.elf.dir/Core/Src/system_stm32h7xx.c.obj
                                0x688 (size before relaxing)
 .debug_str     0x00001d03       0x4c CMakeFiles/H750-clion.elf.dir/Core/Startup/startup_stm32h750xbhx.s.obj
                                 0x77 (size before relaxing)
 .debug_str     0x00001d4f      0x74a CMakeFiles/H750-clion.elf.dir/Drivers/STM32H7xx_HAL_Driver/Src/stm32h7xx_hal.c.obj
                               0x14df (size before relaxing)
 .debug_str     0x00002499      0x556 CMakeFiles/H750-clion.elf.dir/Drivers/STM32H7xx_HAL_Driver/Src/stm32h7xx_hal_cortex.c.obj
                               0x1077 (size before relaxing)
 .debug_str     0x000029ef      0x41e CMakeFiles/H750-clion.elf.dir/Drivers/STM32H7xx_HAL_Driver/Src/stm32h7xx_hal_dma.c.obj
                                0x9eb (size before relaxing)
 .debug_str     0x00002e0d       0xf0 CMakeFiles/H750-clion.elf.dir/Drivers/STM32H7xx_HAL_Driver/Src/stm32h7xx_hal_gpio.c.obj
                                0x6f4 (size before relaxing)
 .debug_str     0x00002efd      0x56a CMakeFiles/H750-clion.elf.dir/Drivers/STM32H7xx_HAL_Driver/Src/stm32h7xx_hal_pwr_ex.c.obj
                                0xa69 (size before relaxing)
 .debug_str     0x00003467      0x1a8 CMakeFiles/H750-clion.elf.dir/Drivers/STM32H7xx_HAL_Driver/Src/stm32h7xx_hal_rcc.c.obj
                                0xa7c (size before relaxing)
 .debug_str     0x0000360f      0x5db CMakeFiles/H750-clion.elf.dir/Drivers/STM32H7xx_HAL_Driver/Src/stm32h7xx_hal_rcc_ex.c.obj
                                0xf87 (size before relaxing)
 .debug_str     0x00003bea      0x509 CMakeFiles/H750-clion.elf.dir/Drivers/STM32H7xx_HAL_Driver/Src/stm32h7xx_hal_spi.c.obj
                                0xdc6 (size before relaxing)
 .debug_str     0x000040f3       0x48 CMakeFiles/H750-clion.elf.dir/HardWare/Src/Lcd_int.c.obj
                                0x8a3 (size before relaxing)

.comment        0x00000000       0x49
 .comment       0x00000000       0x49 CMakeFiles/H750-clion.elf.dir/Core/Src/gpio.c.obj
                                 0x4a (size before relaxing)
 .comment       0x00000049       0x4a CMakeFiles/H750-clion.elf.dir/Core/Src/main.c.obj
 .comment       0x00000049       0x4a CMakeFiles/H750-clion.elf.dir/Core/Src/spi.c.obj
 .comment       0x00000049       0x4a CMakeFiles/H750-clion.elf.dir/Core/Src/stm32h7xx_hal_msp.c.obj
 .comment       0x00000049       0x4a CMakeFiles/H750-clion.elf.dir/Core/Src/stm32h7xx_it.c.obj
 .comment       0x00000049       0x4a CMakeFiles/H750-clion.elf.dir/Core/Src/system_stm32h7xx.c.obj
 .comment       0x00000049       0x4a CMakeFiles/H750-clion.elf.dir/Drivers/STM32H7xx_HAL_Driver/Src/stm32h7xx_hal.c.obj
 .comment       0x00000049       0x4a CMakeFiles/H750-clion.elf.dir/Drivers/STM32H7xx_HAL_Driver/Src/stm32h7xx_hal_cortex.c.obj
 .comment       0x00000049       0x4a CMakeFiles/H750-clion.elf.dir/Drivers/STM32H7xx_HAL_Driver/Src/stm32h7xx_hal_dma.c.obj
 .comment       0x00000049       0x4a CMakeFiles/H750-clion.elf.dir/Drivers/STM32H7xx_HAL_Driver/Src/stm32h7xx_hal_gpio.c.obj
 .comment       0x00000049       0x4a CMakeFiles/H750-clion.elf.dir/Drivers/STM32H7xx_HAL_Driver/Src/stm32h7xx_hal_pwr_ex.c.obj
 .comment       0x00000049       0x4a CMakeFiles/H750-clion.elf.dir/Drivers/STM32H7xx_HAL_Driver/Src/stm32h7xx_hal_rcc.c.obj
 .comment       0x00000049       0x4a CMakeFiles/H750-clion.elf.dir/Drivers/STM32H7xx_HAL_Driver/Src/stm32h7xx_hal_rcc_ex.c.obj
 .comment       0x00000049       0x4a CMakeFiles/H750-clion.elf.dir/Drivers/STM32H7xx_HAL_Driver/Src/stm32h7xx_hal_spi.c.obj
 .comment       0x00000049       0x4a CMakeFiles/H750-clion.elf.dir/HardWare/Src/Lcd_int.c.obj

.debug_frame    0x00000000     0x186c
 .debug_frame   0x00000000       0x38 CMakeFiles/H750-clion.elf.dir/Core/Src/gpio.c.obj
 .debug_frame   0x00000038       0x58 CMakeFiles/H750-clion.elf.dir/Core/Src/main.c.obj
 .debug_frame   0x00000090       0x68 CMakeFiles/H750-clion.elf.dir/Core/Src/spi.c.obj
 .debug_frame   0x000000f8       0x28 CMakeFiles/H750-clion.elf.dir/Core/Src/stm32h7xx_hal_msp.c.obj
 .debug_frame   0x00000120       0xc0 CMakeFiles/H750-clion.elf.dir/Core/Src/stm32h7xx_it.c.obj
 .debug_frame   0x000001e0       0x40 CMakeFiles/H750-clion.elf.dir/Core/Src/system_stm32h7xx.c.obj
 .debug_frame   0x00000220      0x360 CMakeFiles/H750-clion.elf.dir/Drivers/STM32H7xx_HAL_Driver/Src/stm32h7xx_hal.c.obj
 .debug_frame   0x00000580      0x158 CMakeFiles/H750-clion.elf.dir/Drivers/STM32H7xx_HAL_Driver/Src/stm32h7xx_hal_cortex.c.obj
 .debug_frame   0x000006d8      0x1fc CMakeFiles/H750-clion.elf.dir/Drivers/STM32H7xx_HAL_Driver/Src/stm32h7xx_hal_dma.c.obj
 .debug_frame   0x000008d4       0xd0 CMakeFiles/H750-clion.elf.dir/Drivers/STM32H7xx_HAL_Driver/Src/stm32h7xx_hal_gpio.c.obj
 .debug_frame   0x000009a4      0x2f4 CMakeFiles/H750-clion.elf.dir/Drivers/STM32H7xx_HAL_Driver/Src/stm32h7xx_hal_pwr_ex.c.obj
 .debug_frame   0x00000c98      0x188 CMakeFiles/H750-clion.elf.dir/Drivers/STM32H7xx_HAL_Driver/Src/stm32h7xx_hal_rcc.c.obj
 .debug_frame   0x00000e20      0x284 CMakeFiles/H750-clion.elf.dir/Drivers/STM32H7xx_HAL_Driver/Src/stm32h7xx_hal_rcc_ex.c.obj
 .debug_frame   0x000010a4      0x4b8 CMakeFiles/H750-clion.elf.dir/Drivers/STM32H7xx_HAL_Driver/Src/stm32h7xx_hal_spi.c.obj
 .debug_frame   0x0000155c       0x7c CMakeFiles/H750-clion.elf.dir/HardWare/Src/Lcd_int.c.obj
 .debug_frame   0x000015d8       0x4c d:/software/stm32cube/gcc-arm-none-eabi-10.3-2021.10/bin/../lib/gcc/arm-none-eabi/10.3.1/thumb/v7e-m/nofp\libgcc.a(_arm_addsubsf3.o)
 .debug_frame   0x00001624       0x38 d:/software/stm32cube/gcc-arm-none-eabi-10.3-2021.10/bin/../lib/gcc/arm-none-eabi/10.3.1/thumb/v7e-m/nofp\libgcc.a(_arm_muldivsf3.o)
 .debug_frame   0x0000165c       0x24 d:/software/stm32cube/gcc-arm-none-eabi-10.3-2021.10/bin/../lib/gcc/arm-none-eabi/10.3.1/thumb/v7e-m/nofp\libgcc.a(_arm_fixunssfsi.o)
 .debug_frame   0x00001680       0x2c d:/software/stm32cube/gcc-arm-none-eabi-10.3-2021.10/bin/../lib/gcc/arm-none-eabi/10.3.1/../../../../arm-none-eabi/lib/thumb/v7e-m/nofp\libg.a(lib_a-init.o)
 .debug_frame   0x000016ac       0x2c d:/software/stm32cube/gcc-arm-none-eabi-10.3-2021.10/bin/../lib/gcc/arm-none-eabi/10.3.1/../../../../arm-none-eabi/lib/thumb/v7e-m/nofp\libg.a(lib_a-memset.o)
 .debug_frame   0x000016d8       0x5c d:/software/stm32cube/gcc-arm-none-eabi-10.3-2021.10/bin/../lib/gcc/arm-none-eabi/10.3.1/../../../../arm-none-eabi/lib/thumb/v7e-m/nofp\libg.a(lib_a-__call_atexit.o)
 .debug_frame   0x00001734       0x20 d:/software/stm32cube/gcc-arm-none-eabi-10.3-2021.10/bin/../lib/gcc/arm-none-eabi/10.3.1/../../../../arm-none-eabi/lib/thumb/v7e-m/nofp\libg.a(lib_a-atexit.o)
 .debug_frame   0x00001754       0x34 d:/software/stm32cube/gcc-arm-none-eabi-10.3-2021.10/bin/../lib/gcc/arm-none-eabi/10.3.1/../../../../arm-none-eabi/lib/thumb/v7e-m/nofp\libg.a(lib_a-fini.o)
 .debug_frame   0x00001788       0xb0 d:/software/stm32cube/gcc-arm-none-eabi-10.3-2021.10/bin/../lib/gcc/arm-none-eabi/10.3.1/../../../../arm-none-eabi/lib/thumb/v7e-m/nofp\libg.a(lib_a-lock.o)
 .debug_frame   0x00001838       0x34 d:/software/stm32cube/gcc-arm-none-eabi-10.3-2021.10/bin/../lib/gcc/arm-none-eabi/10.3.1/../../../../arm-none-eabi/lib/thumb/v7e-m/nofp\libg.a(lib_a-__atexit.o)

.debug_loc      0x00000000     0x6957
 .debug_loc     0x00000000       0x9e CMakeFiles/H750-clion.elf.dir/Core/Src/spi.c.obj
 .debug_loc     0x0000009e      0x21e CMakeFiles/H750-clion.elf.dir/Core/Src/system_stm32h7xx.c.obj
 .debug_loc     0x000002bc      0x3fa CMakeFiles/H750-clion.elf.dir/Drivers/STM32H7xx_HAL_Driver/Src/stm32h7xx_hal.c.obj
 .debug_loc     0x000006b6      0x726 CMakeFiles/H750-clion.elf.dir/Drivers/STM32H7xx_HAL_Driver/Src/stm32h7xx_hal_cortex.c.obj
 .debug_loc     0x00000ddc      0xe96 CMakeFiles/H750-clion.elf.dir/Drivers/STM32H7xx_HAL_Driver/Src/stm32h7xx_hal_dma.c.obj
 .debug_loc     0x00001c72      0x3c6 CMakeFiles/H750-clion.elf.dir/Drivers/STM32H7xx_HAL_Driver/Src/stm32h7xx_hal_gpio.c.obj
 .debug_loc     0x00002038      0x4df CMakeFiles/H750-clion.elf.dir/Drivers/STM32H7xx_HAL_Driver/Src/stm32h7xx_hal_pwr_ex.c.obj
 .debug_loc     0x00002517      0x996 CMakeFiles/H750-clion.elf.dir/Drivers/STM32H7xx_HAL_Driver/Src/stm32h7xx_hal_rcc.c.obj
 .debug_loc     0x00002ead     0x1fbe CMakeFiles/H750-clion.elf.dir/Drivers/STM32H7xx_HAL_Driver/Src/stm32h7xx_hal_rcc_ex.c.obj
 .debug_loc     0x00004e6b     0x1a45 CMakeFiles/H750-clion.elf.dir/Drivers/STM32H7xx_HAL_Driver/Src/stm32h7xx_hal_spi.c.obj
 .debug_loc     0x000068b0       0xa7 CMakeFiles/H750-clion.elf.dir/HardWare/Src/Lcd_int.c.obj
